 VJoy

 Timestamp is 544166bf (Fri Oct 17 20:58:07 2014)

 Preferred load address is 0000000140000000

 Start         Length     Name                   Class
 0001:00000000 000151eeH .text$mn                CODE
 0001:000151f0 00000409H .text$x                 CODE
 0002:00000000 00000298H .idata$5                DATA
 0002:00000298 00000008H .CRT$XCA                DATA
 0002:000002a0 00000008H .CRT$XCZ                DATA
 0002:000002a8 00000008H .CRT$XIA                DATA
 0002:000002b0 00000020H .CRT$XIC                DATA
 0002:000002d0 00000008H .CRT$XIY                DATA
 0002:000002d8 00000008H .CRT$XIZ                DATA
 0002:000002e0 00000008H .CRT$XPA                DATA
 0002:000002e8 00000010H .CRT$XPX                DATA
 0002:000002f8 00000008H .CRT$XPXA               DATA
 0002:00000300 00000008H .CRT$XPZ                DATA
 0002:00000308 00000008H .CRT$XTA                DATA
 0002:00000310 00000008H .CRT$XTZ                DATA
 0002:00000320 00006240H .rdata                  DATA
 0002:00006560 0000006cH .rdata$debug            DATA
 0002:000065d0 00000008H .rtc$IAA                DATA
 0002:000065d8 00000008H .rtc$IZZ                DATA
 0002:000065e0 00000008H .rtc$TAA                DATA
 0002:000065e8 00000008H .rtc$TZZ                DATA
 0002:000065f0 000018a8H .xdata                  DATA
 0002:00007e98 00000000H .edata                  DATA
 0002:00007e98 00000028H .idata$2                DATA
 0002:00007ec0 00000014H .idata$3                DATA
 0002:00007ed8 00000298H .idata$4                DATA
 0002:00008170 000005c4H .idata$6                DATA
 0003:00000000 000015ccH .data                   DATA
 0003:000015e0 00002400H .bss                    DATA
 0004:00000000 00001284H .pdata                  DATA
 0005:00000000 00000058H .rsrc$01                DATA
 0005:00000060 00000180H .rsrc$02                DATA

  Address         Publics by Value              Rva+Base               Lib:Object

 0000:00000000       ___safe_se_handler_count   0000000000000000     <absolute>
 0000:00000000       ___safe_se_handler_table   0000000000000000     <absolute>
 0000:00000000       __guard_fids_count         0000000000000000     <absolute>
 0000:00000000       __guard_fids_table         0000000000000000     <absolute>
 0000:00000000       __guard_flags              0000000000000000     <absolute>
 0000:00000000       __ImageBase                0000000140000000     <linker-defined>
 0001:00000000       main                       0000000140001000 f   VJoy.obj
 0001:000000a0       Sleep                      00000001400010a0 f   kernel32:KERNEL32.dll
 0001:000000a6       ?VJoy_Initialize@@YAHPEAD0@Z 00000001400010a6 f   VJoy64:VJoy.dll
 0001:000000ac       ?VJoy_Shutdown@@YAXXZ      00000001400010ac f   VJoy64:VJoy.dll
 0001:000000b2       ?VJoy_UpdateJoyState@@YAHHPEAU_JOYSTICK_STATE@@@Z 00000001400010b2 f   VJoy64:VJoy.dll
 0001:000002b0       mainCRTStartup             00000001400012b0 f   LIBCMT:crt0.obj
 0001:000002c4       ?__CxxUnhandledExceptionFilter@@YAJPEAU_EXCEPTION_POINTERS@@@Z 00000001400012c4 f   LIBCMT:unhandld.obj
 0001:000002fc       __CxxSetUnhandledExceptionFilter 00000001400012fc f   LIBCMT:unhandld.obj
 0001:00000314       _XcptFilter                0000000140001314 f   LIBCMT:winxfltr.obj
 0001:000004e0       __CppXcptFilter            00000001400014e0 f   LIBCMT:winxfltr.obj
 0001:00000524       __get_flsindex             0000000140001524 f   LIBCMT:tidtable.obj
 0001:0000052c       __threadhandle             000000014000152c f   LIBCMT:tidtable.obj
 0001:00000534       __threadid                 0000000140001534 f   LIBCMT:tidtable.obj
 0001:0000053c       _freefls                   000000014000153c f   LIBCMT:tidtable.obj
 0001:00000670       _freeptd                   0000000140001670 f   LIBCMT:tidtable.obj
 0001:000006ac       _getptd                    00000001400016ac f   LIBCMT:tidtable.obj
 0001:000006d0       _getptd_noexit             00000001400016d0 f   LIBCMT:tidtable.obj
 0001:00000754       _initptd                   0000000140001754 f   LIBCMT:tidtable.obj
 0001:00000818       _mtinit                    0000000140001818 f   LIBCMT:tidtable.obj
 0001:00000898       _mtterm                    0000000140001898 f   LIBCMT:tidtable.obj
 0001:000008bc       __copy_path_to_wide_string 00000001400018bc f   LIBCMT:crt0dat.obj
 0001:000009bc       __copy_to_char             00000001400019bc f   LIBCMT:crt0dat.obj
 0001:00000ad4       __crtCorExitProcess        0000000140001ad4 f   LIBCMT:crt0dat.obj
 0001:00000b18       __crtExitProcess           0000000140001b18 f   LIBCMT:crt0dat.obj
 0001:00000b30       __freeCrtMemory            0000000140001b30 f   LIBCMT:crt0dat.obj
 0001:00000c78       _amsg_exit                 0000000140001c78 f   LIBCMT:crt0dat.obj
 0001:00000ca0       _c_exit                    0000000140001ca0 f   LIBCMT:crt0dat.obj
 0001:00000cb0       _cexit                     0000000140001cb0 f   LIBCMT:crt0dat.obj
 0001:00000cc0       _cinit                     0000000140001cc0 f   LIBCMT:crt0dat.obj
 0001:00000d58       _exit                      0000000140001d58 f   LIBCMT:crt0dat.obj
 0001:00000d64       _exit_app                  0000000140001d64 f   LIBCMT:crt0dat.obj
 0001:00000d70       _get_pgmptr                0000000140001d70 f   LIBCMT:crt0dat.obj
 0001:00000da8       _get_wpgmptr               0000000140001da8 f   LIBCMT:crt0dat.obj
 0001:00000de0       _init_pointers             0000000140001de0 f   LIBCMT:crt0dat.obj
 0001:00000e8c       _initterm_e                0000000140001e8c f   LIBCMT:crt0dat.obj
 0001:00000ec8       _lockexit                  0000000140001ec8 f   LIBCMT:crt0dat.obj
 0001:00000ed4       _unlockexit                0000000140001ed4 f   LIBCMT:crt0dat.obj
 0001:00001078       exit                       0000000140002078 f   LIBCMT:crt0dat.obj
 0001:00001084       _get_heap_handle           0000000140002084 f   LIBCMT:heapinit.obj
 0001:0000108c       _heap_init                 000000014000208c f   LIBCMT:heapinit.obj
 0001:000010ac       _heap_term                 00000001400020ac f   LIBCMT:heapinit.obj
 0001:000010b8       _ioinit                    00000001400020b8 f   LIBCMT:ioinit.obj
 0001:000013e8       _ioterm                    00000001400023e8 f   LIBCMT:ioinit.obj
 0001:0000145c       _set_pgmptr                000000014000245c f i LIBCMT:stdargv.obj
 0001:00001464       _setargv                   0000000140002464 f   LIBCMT:stdargv.obj
 0001:00001720       _invoke_watson_if_error    0000000140002720 f i LIBCMT:stdenvp.obj
 0001:00001754       _setenvp                   0000000140002754 f   LIBCMT:stdenvp.obj
 0001:00001888       _FF_MSGBANNER              0000000140002888 f   LIBCMT:crt0msg.obj
 0001:000018cc       _GET_RTERRMSG              00000001400028cc f   LIBCMT:crt0msg.obj
 0001:000018fc       _NMSG_WRITE                00000001400028fc f   LIBCMT:crt0msg.obj
 0001:00001b6c       __set_app_type             0000000140002b6c f   LIBCMT:errmode.obj
 0001:00001b74       _set_error_mode            0000000140002b74 f   LIBCMT:errmode.obj
 0001:00001bb4       __security_init_cookie     0000000140002bb4 f   LIBCMT:gs_support.obj
 0001:00001c60       _RTC_Initialize            0000000140002c60 f   LIBCMT:initsect.obj
 0001:00001c98       _RTC_Terminate             0000000140002c98 f   LIBCMT:initsect.obj
 0001:00001cd0       __crtGetEnvironmentStringsA 0000000140002cd0 f   LIBCMT:a_env.obj
 0001:00001dc4       __C_specific_handler       0000000140002dc4 f   LIBCMT:chandler.obj
 0001:00001fa8       ?_inconsistency@@YAXXZ     0000000140002fa8 f   LIBCMT:hooks.obj
 0001:00001fc8       ?terminate@@YAXXZ          0000000140002fc8 f   LIBCMT:hooks.obj
 0001:00001fe8       ?unexpected@@YAXXZ         0000000140002fe8 f   LIBCMT:hooks.obj
 0001:00002008       _initp_eh_hooks            0000000140003008 f   LIBCMT:hooks.obj
 0001:00002060       __crtCaptureCurrentContext 0000000140003060 f   LIBCMT:winapisupp.obj
 0001:000020d0       __crtCapturePreviousContext 00000001400030d0 f   LIBCMT:winapisupp.obj
 0001:00002144       __crtCloseThreadpoolTimer  0000000140003144 f   LIBCMT:winapisupp.obj
 0001:00002160       __crtCloseThreadpoolWait   0000000140003160 f   LIBCMT:winapisupp.obj
 0001:0000217c       __crtCreateEventExW        000000014000317c f   LIBCMT:winapisupp.obj
 0001:000021a8       __crtCreateSemaphoreExW    00000001400031a8 f   LIBCMT:winapisupp.obj
 0001:000021c4       __crtCreateSymbolicLinkW   00000001400031c4 f   LIBCMT:winapisupp.obj
 0001:000021f4       __crtCreateThreadpoolTimer 00000001400031f4 f   LIBCMT:winapisupp.obj
 0001:0000220c       __crtCreateThreadpoolWait  000000014000320c f   LIBCMT:winapisupp.obj
 0001:00002224       __crtFlsAlloc              0000000140003224 f   LIBCMT:winapisupp.obj
 0001:00002240       __crtFlsFree               0000000140003240 f   LIBCMT:winapisupp.obj
 0001:0000225c       __crtFlsGetValue           000000014000325c f   LIBCMT:winapisupp.obj
 0001:00002278       __crtFlsSetValue           0000000140003278 f   LIBCMT:winapisupp.obj
 0001:00002294       __crtFlushProcessWriteBuffers 0000000140003294 f   LIBCMT:winapisupp.obj
 0001:000022b0       __crtFreeLibraryWhenCallbackReturns 00000001400032b0 f   LIBCMT:winapisupp.obj
 0001:000022cc       __crtGetCurrentProcessorNumber 00000001400032cc f   LIBCMT:winapisupp.obj
 0001:000022e4       __crtGetFileInformationByHandleEx 00000001400032e4 f   LIBCMT:winapisupp.obj
 0001:00002314       __crtGetLogicalProcessorInformation 0000000140003314 f   LIBCMT:winapisupp.obj
 0001:00002344       __crtGetShowWindowMode     0000000140003344 f   LIBCMT:winapisupp.obj
 0001:00002370       __crtGetTickCount64        0000000140003370 f   LIBCMT:winapisupp.obj
 0001:00002398       __crtInitializeCriticalSectionEx 0000000140003398 f   LIBCMT:winapisupp.obj
 0001:000023c4       __crtIsPackagedApp         00000001400033c4 f   LIBCMT:winapisupp.obj
 0001:00002410       __crtLoadWinApiPointers    0000000140003410 f   LIBCMT:winapisupp.obj
 0001:0000280c       __crtSetFileInformationByHandle 000000014000380c f   LIBCMT:winapisupp.obj
 0001:0000283c       __crtSetThreadStackGuarantee 000000014000383c f   LIBCMT:winapisupp.obj
 0001:00002854       __crtSetThreadpoolTimer    0000000140003854 f   LIBCMT:winapisupp.obj
 0001:00002870       __crtSetThreadpoolWait     0000000140003870 f   LIBCMT:winapisupp.obj
 0001:0000288c       __crtSetUnhandledExceptionFilter 000000014000388c f   LIBCMT:winapisupp.obj
 0001:00002894       __crtSleep                 0000000140003894 f   LIBCMT:winapisupp.obj
 0001:0000289c       __crtTerminateProcess      000000014000389c f   LIBCMT:winapisupp.obj
 0001:000028bc       __crtUnhandledException    00000001400038bc f   LIBCMT:winapisupp.obj
 0001:000028dc       __crtWaitForThreadpoolTimerCallbacks 00000001400038dc f   LIBCMT:winapisupp.obj
 0001:000028f8       _lock                      00000001400038f8 f   LIBCMT:mlock.obj
 0001:0000293c       _lockerr_exit              000000014000393c f   LIBCMT:mlock.obj
 0001:00002968       _mtdeletelocks             0000000140003968 f   LIBCMT:mlock.obj
 0001:000029f0       _mtinitlocknum             00000001400039f0 f   LIBCMT:mlock.obj
 0001:00002ab0       _mtinitlocks               0000000140003ab0 f   LIBCMT:mlock.obj
 0001:00002b14       _unlock                    0000000140003b14 f   LIBCMT:mlock.obj
 0001:00002b2c       free                       0000000140003b2c f   LIBCMT:free.obj
 0001:00002b6c       _calloc_crt                0000000140003b6c f   LIBCMT:crtheap.obj
 0001:00002bec       _malloc_crt                0000000140003bec f   LIBCMT:crtheap.obj
 0001:00002c68       _realloc_crt               0000000140003c68 f   LIBCMT:crtheap.obj
 0001:00002cec       _recalloc_crt              0000000140003cec f   LIBCMT:crtheap.obj
 0001:00002d70       _set_malloc_crt_max_wait   0000000140003d70 f   LIBCMT:crtheap.obj
 0001:00002d80       wait_a_bit                 0000000140003d80 f i LIBCMT:crtheap.obj
 0001:00002da8       __addlocaleref             0000000140003da8 f   LIBCMT:localref.obj
 0001:00002e34       __freetlocinfo             0000000140003e34 f   LIBCMT:localref.obj
 0001:00002fcc       __removelocaleref          0000000140003fcc f   LIBCMT:localref.obj
 0001:00003070       __updatetlocinfo           0000000140004070 f   LIBCMT:localref.obj
 0001:000030e8       _updatetlocinfoEx_nolock   00000001400040e8 f   LIBCMT:localref.obj
 0001:0000314c       __initmbctable             000000014000414c f   LIBCMT:mbctype.obj
 0001:00003174       ??0_LocaleUpdate@@QEAA@PEAUlocaleinfo_struct@@@Z 0000000140004174 f i LIBCMT:mbctype.obj
 0001:0000321c       ??1_LocaleUpdate@@QEAA@XZ  000000014000421c f i LIBCMT:mbctype.obj
 0001:0000326c       ?GetLocaleT@_LocaleUpdate@@QEAAPEAUlocaleinfo_struct@@XZ 000000014000426c f i LIBCMT:mbctype.obj
 0001:00003564       __updatetmbcinfo           0000000140004564 f   LIBCMT:mbctype.obj
 0001:00003620       _getmbcp                   0000000140004620 f   LIBCMT:mbctype.obj
 0001:0000365c       _setmbcp                   000000014000465c f   LIBCMT:mbctype.obj
 0001:000038a0       _setmbcp_nolock            00000001400048a0 f   LIBCMT:mbctype.obj
 0001:00003b50       ?_invalid_parameter@@YAXPEBG00I_K@Z 0000000140004b50 f   LIBCMT:invarg.obj
 0001:00003b58       ?_invoke_watson@@YAXPEBG00I_K@Z 0000000140004b58 f   LIBCMT:invarg.obj
 0001:00003b6c       _call_reportfault          0000000140004b6c f   LIBCMT:invarg.obj
 0001:00003c60       _get_invalid_parameter_handler 0000000140004c60 f   LIBCMT:invarg.obj
 0001:00003c70       _initp_misc_invarg         0000000140004c70 f   LIBCMT:invarg.obj
 0001:00003c78       _invalid_parameter         0000000140004c78 f   LIBCMT:invarg.obj
 0001:00003ce0       _invalid_parameter_noinfo  0000000140004ce0 f   LIBCMT:invarg.obj
 0001:00003d00       _invalid_parameter_noinfo_noreturn 0000000140004d00 f   LIBCMT:invarg.obj
 0001:00003d30       _invoke_watson             0000000140004d30 f   LIBCMT:invarg.obj
 0001:00003d6c       _set_invalid_parameter_handler 0000000140004d6c f   LIBCMT:invarg.obj
 0001:00003da8       __doserrno                 0000000140004da8 f   LIBCMT:dosmap.obj
 0001:00003dc8       _dosmaperr                 0000000140004dc8 f   LIBCMT:dosmap.obj
 0001:00003e18       _errno                     0000000140004e18 f   LIBCMT:dosmap.obj
 0001:00003e38       _get_doserrno              0000000140004e38 f   LIBCMT:dosmap.obj
 0001:00003e74       _get_errno                 0000000140004e74 f   LIBCMT:dosmap.obj
 0001:00003eb0       _get_errno_from_oserr      0000000140004eb0 f   LIBCMT:dosmap.obj
 0001:00003f00       _set_doserrno              0000000140004f00 f   LIBCMT:dosmap.obj
 0001:00003f3c       _set_errno                 0000000140004f3c f   LIBCMT:dosmap.obj
 0001:00003f80       _FindPESection             0000000140004f80 f   LIBCMT:pesect.obj
 0001:00003fd0       _IsNonwritableInCurrentImage 0000000140004fd0 f   LIBCMT:pesect.obj
 0001:00004020       _ValidateImageBase         0000000140005020 f   LIBCMT:pesect.obj
 0001:00004050       __onexitinit               0000000140005050 f   LIBCMT:onexit.obj
 0001:00004094       _onexit                    0000000140005094 f   LIBCMT:onexit.obj
 0001:00004294       atexit                     0000000140005294 f   LIBCMT:onexit.obj
 0001:000042ac       _initp_misc_cfltcvt_tab    00000001400052ac f   LIBCMT:cmiscdat.obj
 0001:000042e8       ?_query_new_handler@@YAP6AH_K@ZXZ 00000001400052e8 f   LIBCMT:handler.obj
 0001:000042f8       ?_set_new_handler@@YAP6AH_K@ZH@Z 00000001400052f8 f   LIBCMT:handler.obj
 0001:00004300       ?_set_new_handler@@YAP6AH_K@ZP6AH0@Z@Z 0000000140005300 f   LIBCMT:handler.obj
 0001:00004350       _callnewh                  0000000140005350 f   LIBCMT:handler.obj
 0001:00004384       _initp_heap_handler        0000000140005384 f   LIBCMT:handler.obj
 0001:0000438c       __getlocaleinfo            000000014000538c f   LIBCMT:inithelp.obj
 0001:00004574       _initp_misc_purevirt       0000000140005574 f   LIBCMT:inithelp.obj
 0001:0000457c       __fpecode                  000000014000557c f   LIBCMT:winsig.obj
 0001:00004590       __get_sigabrt              0000000140005590 f   LIBCMT:winsig.obj
 0001:000045a0       __pxcptinfoptrs            00000001400055a0 f   LIBCMT:winsig.obj
 0001:000045b4       _initp_misc_winsig         00000001400055b4 f   LIBCMT:winsig.obj
 0001:00004668       raise                      0000000140005668 f   LIBCMT:winsig.obj
 0001:000048d8       signal                     00000001400058d8 f   LIBCMT:winsig.obj
 0001:00004b64       _initp_misc_rand_s         0000000140005b64 f   LIBCMT:rand_s.obj
 0001:00004b6c       rand_s                     0000000140005b6c f   LIBCMT:rand_s.obj
 0001:00004ca8       _ftbuf                     0000000140005ca8 f   LIBCMT:_sftbuf.obj
 0001:00004ce0       _stbuf                     0000000140005ce0 f   LIBCMT:_sftbuf.obj
 0001:00004dc0       _local_unwind              0000000140005dc0 f   LIBCMT:jmpuwind.obj
 0001:00004df0       _NLG_Notify                0000000140005df0 f   LIBCMT:jmpuwind.obj
 0001:00004e10       __NLG_Dispatch2            0000000140005e10 f   LIBCMT:jmpuwind.obj
 0001:00004e20       __NLG_Return2              0000000140005e20 f   LIBCMT:jmpuwind.obj
 0001:00004e24       __initstdio                0000000140005e24 f   LIBCMT:_file.obj
 0001:00004ebc       __endstdio                 0000000140005ebc f   LIBCMT:_file.obj
 0001:00004eec       __iob_func                 0000000140005eec f   LIBCMT:_file.obj
 0001:00004ef4       _lock_file                 0000000140005ef4 f   LIBCMT:_file.obj
 0001:00004f5c       _lock_file2                0000000140005f5c f   LIBCMT:_file.obj
 0001:00004f90       _unlock_file               0000000140005f90 f   LIBCMT:_file.obj
 0001:00004fe0       _unlock_file2              0000000140005fe0 f   LIBCMT:_file.obj
 0001:0000507c       _ismbbalnum                000000014000607c f   LIBCMT:ismbbyte.obj
 0001:00005094       _ismbbalnum_l              0000000140006094 f   LIBCMT:ismbbyte.obj
 0001:000050b0       _ismbbalpha                00000001400060b0 f   LIBCMT:ismbbyte.obj
 0001:000050c8       _ismbbalpha_l              00000001400060c8 f   LIBCMT:ismbbyte.obj
 0001:000050e4       _ismbbblank                00000001400060e4 f   LIBCMT:ismbbyte.obj
 0001:00005100       _ismbbblank_l              0000000140006100 f   LIBCMT:ismbbyte.obj
 0001:00005120       _ismbbgraph                0000000140006120 f   LIBCMT:ismbbyte.obj
 0001:00005138       _ismbbgraph_l              0000000140006138 f   LIBCMT:ismbbyte.obj
 0001:00005154       _ismbbkalnum               0000000140006154 f   LIBCMT:ismbbyte.obj
 0001:00005168       _ismbbkalnum_l             0000000140006168 f   LIBCMT:ismbbyte.obj
 0001:00005180       _ismbbkana                 0000000140006180 f   LIBCMT:ismbbyte.obj
 0001:00005188       _ismbbkana_l               0000000140006188 f   LIBCMT:ismbbyte.obj
 0001:000051f0       _ismbbkprint               00000001400061f0 f   LIBCMT:ismbbyte.obj
 0001:00005204       _ismbbkprint_l             0000000140006204 f   LIBCMT:ismbbyte.obj
 0001:0000521c       _ismbbkpunct               000000014000621c f   LIBCMT:ismbbyte.obj
 0001:00005230       _ismbbkpunct_l             0000000140006230 f   LIBCMT:ismbbyte.obj
 0001:00005248       _ismbblead                 0000000140006248 f   LIBCMT:ismbbyte.obj
 0001:0000525c       _ismbblead_l               000000014000625c f   LIBCMT:ismbbyte.obj
 0001:00005274       _ismbbprint                0000000140006274 f   LIBCMT:ismbbyte.obj
 0001:0000528c       _ismbbprint_l              000000014000628c f   LIBCMT:ismbbyte.obj
 0001:000052a8       _ismbbpunct                00000001400062a8 f   LIBCMT:ismbbyte.obj
 0001:000052bc       _ismbbpunct_l              00000001400062bc f   LIBCMT:ismbbyte.obj
 0001:000052d4       _ismbbtrail                00000001400062d4 f   LIBCMT:ismbbyte.obj
 0001:000052e8       _ismbbtrail_l              00000001400062e8 f   LIBCMT:ismbbyte.obj
 0001:00005300       strcpy_s                   0000000140006300 f   LIBCMT:strcpy_s.obj
 0001:00005380       strlen                     0000000140006380 f   LIBCMT:strlen.obj
 0001:00005428       wcscat_s                   0000000140006428 f   LIBCMT:wcscat_s.obj
 0001:000054b0       wcscpy_s                   00000001400064b0 f   LIBCMT:wcscpy_s.obj
 0001:0000551c       wcslen                     000000014000651c f   LIBCMT:wcslen.obj
 0001:00005538       wcsncpy_s                  0000000140006538 f   LIBCMT:wcsncpy_s.obj
 0001:00005604       __crtMessageBoxW           0000000140006604 f   LIBCMT:crtmboxw.obj
 0001:00005878       __crtMessageBoxWaitThreadW 0000000140006878 f   LIBCMT:crtmboxw.obj
 0001:0000589c       __GSHandlerCheck           000000014000689c f   LIBCMT:gshandler.obj
 0001:000058bc       __GSHandlerCheckCommon     00000001400068bc f   LIBCMT:gshandler.obj
 0001:00005930       __security_check_cookie    0000000140006930 f   LIBCMT:amdsecgs.obj
 0001:00005950       _set_abort_behavior        0000000140006950 f   LIBCMT:abort.obj
 0001:0000596c       abort                      000000014000696c f   LIBCMT:abort.obj
 0001:000059c4       _heap_alloc                00000001400069c4 f i LIBCMT:malloc.obj
 0001:00005a14       malloc                     0000000140006a14 f   LIBCMT:malloc.obj
 0001:00005acc       realloc                    0000000140006acc f   LIBCMT:realloc.obj
 0001:00005ba0       _recalloc                  0000000140006ba0 f   LIBCMT:recalloc.obj
 0001:00005c28       _calloc_impl               0000000140006c28 f   LIBCMT:calloc_impl.obj
 0001:00005cc4       __free_lconv_mon           0000000140006cc4 f   LIBCMT:initmon.obj
 0001:00005dd0       __init_monetary            0000000140006dd0 f   LIBCMT:initmon.obj
 0001:0000630c       __free_lconv_num           000000014000730c f   LIBCMT:initnum.obj
 0001:00006378       __init_numeric             0000000140007378 f   LIBCMT:initnum.obj
 0001:0000667c       __free_lc_time             000000014000767c f   LIBCMT:inittime.obj
 0001:00006a78       __init_time                0000000140007a78 f   LIBCMT:inittime.obj
 0001:00007694       localeconv                 0000000140008694 f   LIBCMT:lconv.obj
 0001:000076cc       __pctype_func              00000001400086cc f   LIBCMT:ctype.obj
 0001:00007708       __pwctype_func             0000000140008708 f   LIBCMT:ctype.obj
 0001:00007a18       _MallocaIsSizeInRange      0000000140008a18 f i LIBCMT:a_map.obj
 0001:00007a28       _MarkAllocaS               0000000140008a28 f i LIBCMT:a_map.obj
 0001:00007a38       __crtLCMapStringA          0000000140008a38 f   LIBCMT:a_map.obj
 0001:00007ad0       _freea                     0000000140008ad0 f i LIBCMT:a_map.obj
 0001:00007c68       __crtGetStringTypeA        0000000140008c68 f   LIBCMT:a_str.obj
 0001:00007d00       memset                     0000000140008d00 f   LIBCMT:memset.obj
 0001:00007f2c       __crt_debugger_hook        0000000140008f2c f   LIBCMT:dbghook.obj
 0001:00007f34       _msize                     0000000140008f34 f   LIBCMT:msize.obj
 0001:00007f70       _fptrap                    0000000140008f70 f   LIBCMT:crt0fp.obj
 0001:00007f7c       strncpy_s                  0000000140008f7c f   LIBCMT:strncpy_s.obj
 0001:000081a4       __crtGetLocaleInfoA        00000001400091a4 f   LIBCMT:a_loc.obj
 0001:0000820c       GetTableIndexFromLcid      000000014000920c f   LIBCMT:winapinls.obj
 0001:00008250       GetTableIndexFromLocaleName 0000000140009250 f   LIBCMT:winapinls.obj
 0001:000082dc       __crtCompareStringEx       00000001400092dc f   LIBCMT:winapinls.obj
 0001:0000836c       __crtDownlevelLCIDToLocaleName 000000014000936c f   LIBCMT:winapinls.obj
 0001:0000841c       __crtDownlevelLocaleNameToLCID 000000014000941c f   LIBCMT:winapinls.obj
 0001:0000845c       __crtEnumSystemLocalesEx   000000014000945c f   LIBCMT:winapinls.obj
 0001:000084a0       __crtGetDateFormatEx       00000001400094a0 f   LIBCMT:winapinls.obj
 0001:0000851c       __crtGetLocaleInfoEx       000000014000951c f   LIBCMT:winapinls.obj
 0001:0000856c       __crtGetTimeFormatEx       000000014000956c f   LIBCMT:winapinls.obj
 0001:000085e4       __crtGetUserDefaultLocaleName 00000001400095e4 f   LIBCMT:winapinls.obj
 0001:00008628       __crtIsValidLocaleName     0000000140009628 f   LIBCMT:winapinls.obj
 0001:0000865c       __crtLCMapStringEx         000000014000965c f   LIBCMT:winapinls.obj
 0001:000086ec       __wcsnicmp_ascii           00000001400096ec f   LIBCMT:winapinls.obj
 0001:00008760       memcpy                     0000000140009760 f   LIBCMT:memcpy.obj
 0001:00008760       memmove                    0000000140009760 f   LIBCMT:memcpy.obj
 0001:00008cc8       _fileno                    0000000140009cc8 f   LIBCMT:fileno.obj
 0001:00008cf0       _isatty                    0000000140009cf0 f   LIBCMT:isatty.obj
 0001:00008d50       _fflush_nolock             0000000140009d50 f   LIBCMT:fflush.obj
 0001:00008d9c       _flush                     0000000140009d9c f   LIBCMT:fflush.obj
 0001:00008e18       _flushall                  0000000140009e18 f   LIBCMT:fflush.obj
 0001:00008e24       fflush                     0000000140009e24 f   LIBCMT:fflush.obj
 0001:00008f50       _fcloseall                 0000000140009f50 f   LIBCMT:closeall.obj
 0001:00008ff8       __raise_securityfailure    0000000140009ff8 f   LIBCMT:gs_report.obj
 0001:00009044       __report_gsfailure         000000014000a044 f   LIBCMT:gs_report.obj
 0001:00009118       __report_rangecheckfailure 000000014000a118 f   LIBCMT:gs_report.obj
 0001:0000912c       __report_securityfailure   000000014000a12c f   LIBCMT:gs_report.obj
 0001:000091c8       __report_securityfailureEx 000000014000a1c8 f   LIBCMT:gs_report.obj
 0001:000092d8       __init_dummy               000000014000a2d8 f   LIBCMT:wsetloca.obj
 0001:000092dc       _locterm                   000000014000a2dc f   LIBCMT:wsetloca.obj
 0001:00009324       ___setlc_active_func       000000014000a324 f   LIBCMT:wsetloca.obj
 0001:0000932c       ___unguarded_readlc_active_add_func 000000014000a32c f   LIBCMT:wsetloca.obj
 0001:00009334       __copy_locale_name         000000014000a334 f   LIBCMT:wsetloca.obj
 0001:000093b8       __create_locale            000000014000a3b8 f   LIBCMT:wsetloca.obj
 0001:000093c0       __free_locale              000000014000a3c0 f   LIBCMT:wsetloca.obj
 0001:000093c8       __get_current_locale       000000014000a3c8 f   LIBCMT:wsetloca.obj
 0001:000093d0       __lc_lctowcs               000000014000a3d0 f   LIBCMT:wsetloca.obj
 0001:00009474       __lc_wcstolc               000000014000a474 f   LIBCMT:wsetloca.obj
 0001:0000962c       _configthreadlocale        000000014000a62c f   LIBCMT:wsetloca.obj
 0001:00009754       _create_locale             000000014000a754 f   LIBCMT:wsetloca.obj
 0001:000097cc       _expandlocale              000000014000a7cc f   LIBCMT:wsetloca.obj
 0001:00009ba0       _free_locale               000000014000aba0 f   LIBCMT:wsetloca.obj
 0001:00009c3c       _get_current_locale        000000014000ac3c f   LIBCMT:wsetloca.obj
 0001:00009cd8       _wcreate_locale            000000014000acd8 f   LIBCMT:wsetloca.obj
 0001:00009dd8       _wcscats                   000000014000add8 f   LIBCMT:wsetloca.obj
 0001:00009e40       _wsetlocale                000000014000ae40 f   LIBCMT:wsetloca.obj
 0001:0000a770       __chkstk                   000000014000b770 f   LIBCMT:chkstk.obj
 0001:0000a770       _alloca_probe              000000014000b770 f   LIBCMT:chkstk.obj
 0001:0000a7c0       __isa_available_init       000000014000b7c0 f   LIBCMT:cpu_disp.obj
 0001:0000a964       wcsnlen                    000000014000b964 f   LIBCMT:wcslen_s.obj
 0001:0000a984       _commit                    000000014000b984 f   LIBCMT:commit.obj
 0001:0000aa5c       _write                     000000014000ba5c f   LIBCMT:write.obj
 0001:0000ab40       _write_nolock              000000014000bb40 f   LIBCMT:write.obj
 0001:0000b334       _fclose_nolock             000000014000c334 f   LIBCMT:fclose.obj
 0001:0000b3b0       fclose                     000000014000c3b0 f   LIBCMT:fclose.obj
 0001:0000b418       __init_collate             000000014000c418 f   LIBCMT:initcoll.obj
 0001:0000b41c       ___lc_codepage_func        000000014000c41c f   LIBCMT:initctyp.obj
 0001:0000b454       ___lc_collate_cp_func      000000014000c454 f   LIBCMT:initctyp.obj
 0001:0000b48c       ___lc_locale_name_func     000000014000c48c f   LIBCMT:initctyp.obj
 0001:0000b4c8       ___mb_cur_max_func         000000014000c4c8 f   LIBCMT:initctyp.obj
 0001:0000b504       ___mb_cur_max_l_func       000000014000c504 f   LIBCMT:initctyp.obj
 0001:0000b518       __init_ctype               000000014000c518 f   LIBCMT:initctyp.obj
 0001:0000b950       memcmp                     000000014000c950 f   LIBCMT:memcmp.obj
 0001:0000ba18       wcscmp                     000000014000ca18 f   LIBCMT:wcscmp.obj
 0001:0000ba54       wcscspn                    000000014000ca54 f   LIBCMT:wcscspn.obj
 0001:0000ba94       wcsncmp                    000000014000ca94 f   LIBCMT:wcsncmp.obj
 0001:0000bac0       wcspbrk                    000000014000cac0 f   LIBCMT:wcspbrk.obj
 0001:0000c384       __get_qualified_locale     000000014000d384 f   LIBCMT:getqloc.obj
 0001:0000ce80       __get_qualified_locale_downlevel 000000014000de80 f   LIBCMT:getqloc_downlevel.obj
 0001:0000d118       __lock_fhandle             000000014000e118 f   LIBCMT:osfinfo.obj
 0001:0000d1b0       _alloc_osfhnd              000000014000e1b0 f   LIBCMT:osfinfo.obj
 0001:0000d3a8       _free_osfhnd               000000014000e3a8 f   LIBCMT:osfinfo.obj
 0001:0000d454       _get_osfhandle             000000014000e454 f   LIBCMT:osfinfo.obj
 0001:0000d4c8       _open_osfhandle            000000014000e4c8 f   LIBCMT:osfinfo.obj
 0001:0000d5c4       _set_osfhnd                000000014000e5c4 f   LIBCMT:osfinfo.obj
 0001:0000d674       _unlock_fhandle            000000014000e674 f   LIBCMT:osfinfo.obj
 0001:0000d6a0       __iswcsym                  000000014000e6a0 f i LIBCMT:_wctype.obj
 0001:0000d6cc       __iswcsymf                 000000014000e6cc f i LIBCMT:_wctype.obj
 0001:0000d6f8       _isleadbyte_l              000000014000e6f8 f i LIBCMT:_wctype.obj
 0001:0000d73c       _iswalnum_l                000000014000e73c f i LIBCMT:_wctype.obj
 0001:0000d748       _iswalpha_l                000000014000e748 f i LIBCMT:_wctype.obj
 0001:0000d754       _iswblank_l                000000014000e754 f i LIBCMT:_wctype.obj
 0001:0000d76c       _iswcntrl_l                000000014000e76c f i LIBCMT:_wctype.obj
 0001:0000d778       _iswcsym_l                 000000014000e778 f i LIBCMT:_wctype.obj
 0001:0000d7a4       _iswcsymf_l                000000014000e7a4 f i LIBCMT:_wctype.obj
 0001:0000d7d0       _iswdigit_l                000000014000e7d0 f i LIBCMT:_wctype.obj
 0001:0000d7dc       _iswgraph_l                000000014000e7dc f i LIBCMT:_wctype.obj
 0001:0000d7e8       _iswlower_l                000000014000e7e8 f i LIBCMT:_wctype.obj
 0001:0000d7f4       _iswprint_l                000000014000e7f4 f i LIBCMT:_wctype.obj
 0001:0000d800       _iswpunct_l                000000014000e800 f i LIBCMT:_wctype.obj
 0001:0000d80c       _iswspace_l                000000014000e80c f i LIBCMT:_wctype.obj
 0001:0000d818       _iswupper_l                000000014000e818 f i LIBCMT:_wctype.obj
 0001:0000d824       _iswxdigit_l               000000014000e824 f i LIBCMT:_wctype.obj
 0001:0000d830       isleadbyte                 000000014000e830 f i LIBCMT:_wctype.obj
 0001:0000d878       iswalnum                   000000014000e878 f i LIBCMT:_wctype.obj
 0001:0000d884       iswalpha                   000000014000e884 f i LIBCMT:_wctype.obj
 0001:0000d890       iswascii                   000000014000e890 f i LIBCMT:_wctype.obj
 0001:0000d8a0       iswblank                   000000014000e8a0 f i LIBCMT:_wctype.obj
 0001:0000d8b8       iswcntrl                   000000014000e8b8 f i LIBCMT:_wctype.obj
 0001:0000d8c4       iswdigit                   000000014000e8c4 f i LIBCMT:_wctype.obj
 0001:0000d8d0       iswgraph                   000000014000e8d0 f i LIBCMT:_wctype.obj
 0001:0000d8dc       iswlower                   000000014000e8dc f i LIBCMT:_wctype.obj
 0001:0000d8e8       iswprint                   000000014000e8e8 f i LIBCMT:_wctype.obj
 0001:0000d8f4       iswpunct                   000000014000e8f4 f i LIBCMT:_wctype.obj
 0001:0000d900       iswspace                   000000014000e900 f i LIBCMT:_wctype.obj
 0001:0000d90c       iswupper                   000000014000e90c f i LIBCMT:_wctype.obj
 0001:0000d918       iswxdigit                  000000014000e918 f i LIBCMT:_wctype.obj
 0001:0000d924       _lseeki64                  000000014000e924 f   LIBCMT:lseeki64.obj
 0001:0000da0c       _lseeki64_nolock           000000014000ea0c f   LIBCMT:lseeki64.obj
 0001:0000daa0       _mbtowc_l                  000000014000eaa0 f   LIBCMT:mbtowc.obj
 0001:0000dbf4       mbtowc                     000000014000ebf4 f   LIBCMT:mbtowc.obj
 0001:0000dbfc       _putwch                    000000014000ebfc f   LIBCMT:putwch.obj
 0001:0000dc30       _putwch_nolock             000000014000ec30 f   LIBCMT:putwch.obj
 0001:0000dc8c       _close                     000000014000ec8c f   LIBCMT:close.obj
 0001:0000dd50       _close_nolock              000000014000ed50 f   LIBCMT:close.obj
 0001:0000de0c       _freebuf                   000000014000ee0c f   LIBCMT:_freebuf.obj
 0001:0000de44       _i64tow_s                  000000014000ee44 f   LIBCMT:xtows.obj
 0001:0000de68       _itow_s                    000000014000ee68 f   LIBCMT:xtows.obj
 0001:0000de90       _ltow_s                    000000014000ee90 f   LIBCMT:xtows.obj
 0001:0000deb4       _ui64tow_s                 000000014000eeb4 f   LIBCMT:xtows.obj
 0001:0000dec8       _ultow_s                   000000014000eec8 f   LIBCMT:xtows.obj
 0001:0000e100       _wtoi                      000000014000f100 f   LIBCMT:wtox.obj
 0001:0000e10c       _wtoi64                    000000014000f10c f   LIBCMT:wtox.obj
 0001:0000e118       _wtoi64_l                  000000014000f118 f   LIBCMT:wtox.obj
 0001:0000e128       _wtoi_l                    000000014000f128 f   LIBCMT:wtox.obj
 0001:0000e138       _wtol                      000000014000f138 f   LIBCMT:wtox.obj
 0001:0000e144       _wtol_l                    000000014000f144 f   LIBCMT:wtox.obj
 0001:0000e154       _wtoll                     000000014000f154 f   LIBCMT:wtox.obj
 0001:0000e160       _wtoll_l                   000000014000f160 f   LIBCMT:wtox.obj
 0001:0000e170       wcschr                     000000014000f170 f   LIBCMT:wcschr.obj
 0001:0000e1fc       _wcsicmp                   000000014000f1fc f   LIBCMT:wcsicmp.obj
 0001:0000e280       _wcsicmp_l                 000000014000f280 f   LIBCMT:wcsicmp.obj
 0001:0000e370       _wcsnicmp                  000000014000f370 f   LIBCMT:wcsnicmp.obj
 0001:0000e408       _wcsnicmp_l                000000014000f408 f   LIBCMT:wcsnicmp.obj
 0001:0000e520       _iswctype_l                000000014000f520 f   LIBCMT:iswctype.obj
 0001:0000e528       is_wctype                  000000014000f528 f   LIBCMT:iswctype.obj
 0001:0000e530       iswctype                   000000014000f530 f   LIBCMT:iswctype.obj
 0001:0000e598       __termconout               000000014000f598 f   LIBCMT:initcon.obj
 0001:0000e5b8       __initconout               000000014000f5b8 f   LIBCMT:initcon.obj
 0001:0000e7dc       _wcstol_l                  000000014000f7dc f   LIBCMT:wcstol.obj
 0001:0000e7e4       _wcstoul_l                 000000014000f7e4 f   LIBCMT:wcstol.obj
 0001:0000e7f0       wcstol                     000000014000f7f0 f   LIBCMT:wcstol.obj
 0001:0000e7f8       wcstoul                    000000014000f7f8 f   LIBCMT:wcstol.obj
 0001:0000ea6c       _wcstof_l                  000000014000fa6c f   LIBCMT:wcstoq.obj
 0001:0000eb7c       _wcstoi64                  000000014000fb7c f   LIBCMT:wcstoq.obj
 0001:0000ebac       _wcstoi64_l                000000014000fbac f   LIBCMT:wcstoq.obj
 0001:0000ebd0       _wcstoimax_l               000000014000fbd0 f   LIBCMT:wcstoq.obj
 0001:0000ebf4       _wcstold_l                 000000014000fbf4 f   LIBCMT:wcstoq.obj
 0001:0000ebfc       _wcstoll_l                 000000014000fbfc f   LIBCMT:wcstoq.obj
 0001:0000ec20       _wcstoui64                 000000014000fc20 f   LIBCMT:wcstoq.obj
 0001:0000ec54       _wcstoui64_l               000000014000fc54 f   LIBCMT:wcstoq.obj
 0001:0000ec7c       _wcstoull_l                000000014000fc7c f   LIBCMT:wcstoq.obj
 0001:0000eca4       _wcstoumax_l               000000014000fca4 f   LIBCMT:wcstoq.obj
 0001:0000eccc       wcstof                     000000014000fccc f   LIBCMT:wcstoq.obj
 0001:0000ecd4       wcstoimax                  000000014000fcd4 f   LIBCMT:wcstoq.obj
 0001:0000ecdc       wcstold                    000000014000fcdc f   LIBCMT:wcstoq.obj
 0001:0000ece4       wcstoll                    000000014000fce4 f   LIBCMT:wcstoq.obj
 0001:0000ecec       wcstoull                   000000014000fcec f   LIBCMT:wcstoq.obj
 0001:0000ecf4       wcstoumax                  000000014000fcf4 f   LIBCMT:wcstoq.obj
 0001:0000ecfc       _towlower_l                000000014000fcfc f   LIBCMT:towlower.obj
 0001:0000edc8       towlower                   000000014000fdc8 f   LIBCMT:towlower.obj
 0001:0000edd0       _wchartodigit              000000014000fdd0 f   LIBCMT:wchtodig.obj
 0001:0000ef68       _wcstod_l                  000000014000ff68 f   LIBCMT:wcstod.obj
 0001:0000f098       wcstod                     0000000140010098 f   LIBCMT:wcstod.obj
 0001:0000f0a0       __crt_atoflt_l             00000001400100a0 f   LIBCMT:atodbl.obj
 0001:0000f170       _atodbl                    0000000140010170 f   LIBCMT:atodbl.obj
 0001:0000f178       _atodbl_l                  0000000140010178 f   LIBCMT:atodbl.obj
 0001:0000f240       _atoflt                    0000000140010240 f   LIBCMT:atodbl.obj
 0001:0000f24c       _atoflt_l                  000000014001024c f   LIBCMT:atodbl.obj
 0001:0000f254       _atoldbl                   0000000140010254 f   LIBCMT:atodbl.obj
 0001:0000f25c       _atoldbl_l                 000000014001025c f   LIBCMT:atodbl.obj
 0001:0000f328       _fpmath                    0000000140010328 f   LIBCMT:fpinit.obj
 0001:0000f330       __setfflag                 0000000140010330 f   LIBCMT:fpinit.obj
 0001:0000f340       _cfltcvt_init              0000000140010340 f   LIBCMT:fpinit.obj
 0001:0000f3c8       __crtLCMapStringW          00000001400103c8 f   LIBCMT:w_map.obj
 0001:0000f414       _wfltin2                   0000000140010414 f   LIBCMT:wcfin.obj
 0001:0000f4e0       _CopyMan                   00000001400104e0 f i LIBCMT:intrncvt.obj
 0001:0000f4f8       _FillZeroMan               00000001400104f8 f i LIBCMT:intrncvt.obj
 0001:0000f504       _IncMan                    0000000140010504 f i LIBCMT:intrncvt.obj
 0001:0000f580       _IsZeroMan                 0000000140010580 f i LIBCMT:intrncvt.obj
 0001:0000f59c       _RoundMan                  000000014001059c f i LIBCMT:intrncvt.obj
 0001:0000f6d4       _ShrMan                    00000001400106d4 f i LIBCMT:intrncvt.obj
 0001:0000f780       _ZeroTail                  0000000140010780 f i LIBCMT:intrncvt.obj
 0001:0000f7d0       __addl                     00000001400107d0 f i LIBCMT:intrncvt.obj
 0001:0000f7ec       _ld12cvt                   00000001400107ec f i LIBCMT:intrncvt.obj
 0001:0000fd90       _ld12tod                   0000000140010d90 f   LIBCMT:intrncvt.obj
 0001:00010348       _ld12tof                   0000000140011348 f   LIBCMT:intrncvt.obj
 0001:00010900       _ld12told                  0000000140011900 f   LIBCMT:intrncvt.obj
 0001:000109ec       __STRINGTOLD_L             00000001400119ec f   LIBCMT:strgtold.obj
 0001:00010a64       __ld12mul                  0000000140011a64 f i LIBCMT:strgtold.obj
 0001:00010d94       __multtenpow12             0000000140011d94 f i LIBCMT:strgtold.obj
 0001:00011148       __shl_12                   0000000140012148 f i LIBCMT:strgtold.obj
 0001:00011174       __shr_12                   0000000140012174 f i LIBCMT:strgtold.obj
 0001:000111a0       __strgtold12_l             00000001400121a0 f   LIBCMT:strgtold.obj
 0001:00011a04       ?strrchr@@YAPEADPEADH@Z    0000000140012a04 f i LIBCMT:cvt.obj
 0001:00011a0c       _cfltcvt                   0000000140012a0c f   LIBCMT:cvt.obj
 0001:00011a30       _cfltcvt_l                 0000000140012a30 f   LIBCMT:cvt.obj
 0001:00011ab0       _cftoa                     0000000140012ab0 f   LIBCMT:cvt.obj
 0001:00011acc       _cftoa_l                   0000000140012acc f   LIBCMT:cvt.obj
 0001:00011e7c       _cftoe                     0000000140012e7c f   LIBCMT:cvt.obj
 0001:00012094       _cftoe_l                   0000000140013094 f   LIBCMT:cvt.obj
 0001:0001218c       _cftof                     000000014001318c f   LIBCMT:cvt.obj
 0001:00012304       _cftof_l                   0000000140013304 f   LIBCMT:cvt.obj
 0001:000123d8       _cftog                     00000001400133d8 f   LIBCMT:cvt.obj
 0001:000123f4       _cftog_l                   00000001400133f4 f   LIBCMT:cvt.obj
 0001:00012528       _cropzeros                 0000000140013528 f   LIBCMT:cvt.obj
 0001:00012530       _cropzeros_l               0000000140013530 f   LIBCMT:cvt.obj
 0001:000125c8       _fassign                   00000001400135c8 f   LIBCMT:cvt.obj
 0001:000125d0       _fassign_l                 00000001400135d0 f   LIBCMT:cvt.obj
 0001:00012610       _forcdecpt                 0000000140013610 f   LIBCMT:cvt.obj
 0001:00012618       _forcdecpt_l               0000000140013618 f   LIBCMT:cvt.obj
 0001:00012698       _positive                  0000000140013698 f   LIBCMT:cvt.obj
 0001:000126e0       __WSTRINGTOLD_L            00000001400136e0 f   LIBCMT:wstrgtold.obj
 0001:00012758       __wstrgtold12_l            0000000140013758 f   LIBCMT:wstrgtold.obj
 0001:000130d4       __add_12                   00000001400140d4 f i LIBCMT:mantold.obj
 0001:00013150       __mtold12                  0000000140014150 f   LIBCMT:mantold.obj
 0001:00013374       __isascii                  0000000140014374 f i LIBCMT:_ctype.obj
 0001:00013380       __iscsym                   0000000140014380 f i LIBCMT:_ctype.obj
 0001:000133a8       __iscsymf                  00000001400143a8 f i LIBCMT:_ctype.obj
 0001:000133d0       __toascii                  00000001400143d0 f i LIBCMT:_ctype.obj
 0001:000133d8       _isalnum_l                 00000001400143d8 f i LIBCMT:_ctype.obj
 0001:0001343c       _isalpha_l                 000000014001443c f i LIBCMT:_ctype.obj
 0001:000134a0       _isblank_l                 00000001400144a0 f i LIBCMT:_ctype.obj
 0001:00013510       _iscntrl_l                 0000000140014510 f i LIBCMT:_ctype.obj
 0001:00013570       _iscsym_l                  0000000140014570 f i LIBCMT:_ctype.obj
 0001:000135e4       _iscsymf_l                 00000001400145e4 f i LIBCMT:_ctype.obj
 0001:00013658       _isdigit_l                 0000000140014658 f i LIBCMT:_ctype.obj
 0001:000136b8       _isgraph_l                 00000001400146b8 f i LIBCMT:_ctype.obj
 0001:0001371c       _islower_l                 000000014001471c f i LIBCMT:_ctype.obj
 0001:0001377c       _isprint_l                 000000014001477c f i LIBCMT:_ctype.obj
 0001:000137e0       _ispunct_l                 00000001400147e0 f i LIBCMT:_ctype.obj
 0001:00013840       _isspace_l                 0000000140014840 f i LIBCMT:_ctype.obj
 0001:000138a0       _isupper_l                 00000001400148a0 f i LIBCMT:_ctype.obj
 0001:00013900       _isxdigit_l                0000000140014900 f i LIBCMT:_ctype.obj
 0001:00013964       isalnum                    0000000140014964 f i LIBCMT:_ctype.obj
 0001:000139e4       isalpha                    00000001400149e4 f i LIBCMT:_ctype.obj
 0001:00013a64       isblank                    0000000140014a64 f i LIBCMT:_ctype.obj
 0001:00013a94       iscntrl                    0000000140014a94 f i LIBCMT:_ctype.obj
 0001:00013b10       isdigit                    0000000140014b10 f i LIBCMT:_ctype.obj
 0001:00013b8c       isgraph                    0000000140014b8c f i LIBCMT:_ctype.obj
 0001:00013c0c       islower                    0000000140014c0c f i LIBCMT:_ctype.obj
 0001:00013c88       isprint                    0000000140014c88 f i LIBCMT:_ctype.obj
 0001:00013d08       ispunct                    0000000140014d08 f i LIBCMT:_ctype.obj
 0001:00013d84       isspace                    0000000140014d84 f i LIBCMT:_ctype.obj
 0001:00013e00       isupper                    0000000140014e00 f i LIBCMT:_ctype.obj
 0001:00013e7c       isxdigit                   0000000140014e7c f i LIBCMT:_ctype.obj
 0001:00013efc       _tolower                   0000000140014efc f   LIBCMT:tolower.obj
 0001:00013f00       _tolower_l                 0000000140014f00 f   LIBCMT:tolower.obj
 0001:00014054       tolower                    0000000140015054 f   LIBCMT:tolower.obj
 0001:00014074       strrchr                    0000000140015074 f   LIBCMT:strrchr.obj
 0001:000141b8       _fptostr                   00000001400151b8 f   LIBCMT:_fptostr.obj
 0001:00014284       __dtold                    0000000140015284 f   LIBCMT:cfout.obj
 0001:00014354       _fltout2                   0000000140015354 f   LIBCMT:cfout.obj
 0001:0001440c       _get_output_format         000000014001540c f   LIBCMT:outputformat.obj
 0001:00014414       _set_output_format         0000000140015414 f   LIBCMT:outputformat.obj
 0001:00014448       _isctype                   0000000140015448 f   LIBCMT:isctype.obj
 0001:0001446c       _isctype_l                 000000014001546c f   LIBCMT:isctype.obj
 0001:00014548       $I10_OUTPUT                0000000140015548 f   LIBCMT:x10fout.obj
 0001:00015020       GetCommandLineA            0000000140016020 f   kernel32:KERNEL32.dll
 0001:00015026       GetLastError               0000000140016026 f   kernel32:KERNEL32.dll
 0001:0001502c       SetLastError               000000014001602c f   kernel32:KERNEL32.dll
 0001:00015032       GetCurrentThread           0000000140016032 f   kernel32:KERNEL32.dll
 0001:00015038       GetCurrentThreadId         0000000140016038 f   kernel32:KERNEL32.dll
 0001:0001503e       EncodePointer              000000014001603e f   kernel32:KERNEL32.dll
 0001:00015044       DecodePointer              0000000140016044 f   kernel32:KERNEL32.dll
 0001:0001504a       ExitProcess                000000014001604a f   kernel32:KERNEL32.dll
 0001:00015050       GetModuleHandleExW         0000000140016050 f   kernel32:KERNEL32.dll
 0001:00015056       GetProcAddress             0000000140016056 f   kernel32:KERNEL32.dll
 0001:0001505c       AreFileApisANSI            000000014001605c f   kernel32:KERNEL32.dll
 0001:00015062       MultiByteToWideChar        0000000140016062 f   kernel32:KERNEL32.dll
 0001:00015068       WideCharToMultiByte        0000000140016068 f   kernel32:KERNEL32.dll
 0001:0001506e       GetProcessHeap             000000014001606e f   kernel32:KERNEL32.dll
 0001:00015074       GetStdHandle               0000000140016074 f   kernel32:KERNEL32.dll
 0001:0001507a       GetFileType                000000014001607a f   kernel32:KERNEL32.dll
 0001:00015080       DeleteCriticalSection      0000000140016080 f   kernel32:KERNEL32.dll
 0001:00015086       GetStartupInfoW            0000000140016086 f   kernel32:KERNEL32.dll
 0001:0001508c       GetModuleFileNameA         000000014001608c f   kernel32:KERNEL32.dll
 0001:00015092       WriteFile                  0000000140016092 f   kernel32:KERNEL32.dll
 0001:00015098       GetModuleFileNameW         0000000140016098 f   kernel32:KERNEL32.dll
 0001:0001509e       QueryPerformanceCounter    000000014001609e f   kernel32:KERNEL32.dll
 0001:000150a4       GetCurrentProcessId        00000001400160a4 f   kernel32:KERNEL32.dll
 0001:000150aa       GetSystemTimeAsFileTime    00000001400160aa f   kernel32:KERNEL32.dll
 0001:000150b0       GetEnvironmentStringsW     00000001400160b0 f   kernel32:KERNEL32.dll
 0001:000150b6       FreeEnvironmentStringsW    00000001400160b6 f   kernel32:KERNEL32.dll
 0001:000150bc       RtlUnwindEx                00000001400160bc f   kernel32:KERNEL32.dll
 0001:000150c2       RtlCaptureContext          00000001400160c2 f   kernel32:KERNEL32.dll
 0001:000150c8       RtlLookupFunctionEntry     00000001400160c8 f   kernel32:KERNEL32.dll
 0001:000150ce       RtlVirtualUnwind           00000001400160ce f   kernel32:KERNEL32.dll
 0001:000150d4       UnhandledExceptionFilter   00000001400160d4 f   kernel32:KERNEL32.dll
 0001:000150da       SetUnhandledExceptionFilter 00000001400160da f   kernel32:KERNEL32.dll
 0001:000150e0       InitializeCriticalSectionAndSpinCount 00000001400160e0 f   kernel32:KERNEL32.dll
 0001:000150e6       CreateEventW               00000001400160e6 f   kernel32:KERNEL32.dll
 0001:000150ec       GetCurrentProcess          00000001400160ec f   kernel32:KERNEL32.dll
 0001:000150f2       TerminateProcess           00000001400160f2 f   kernel32:KERNEL32.dll
 0001:000150f8       TlsAlloc                   00000001400160f8 f   kernel32:KERNEL32.dll
 0001:000150fe       TlsGetValue                00000001400160fe f   kernel32:KERNEL32.dll
 0001:00015104       TlsSetValue                0000000140016104 f   kernel32:KERNEL32.dll
 0001:0001510a       TlsFree                    000000014001610a f   kernel32:KERNEL32.dll
 0001:00015110       GetTickCount               0000000140016110 f   kernel32:KERNEL32.dll
 0001:00015116       GetModuleHandleW           0000000140016116 f   kernel32:KERNEL32.dll
 0001:0001511c       CreateSemaphoreW           000000014001611c f   kernel32:KERNEL32.dll
 0001:00015122       EnterCriticalSection       0000000140016122 f   kernel32:KERNEL32.dll
 0001:00015128       LeaveCriticalSection       0000000140016128 f   kernel32:KERNEL32.dll
 0001:0001512e       FatalAppExitA              000000014001612e f   kernel32:KERNEL32.dll
 0001:00015134       HeapFree                   0000000140016134 f   kernel32:KERNEL32.dll
 0001:0001513a       IsValidCodePage            000000014001613a f   kernel32:KERNEL32.dll
 0001:00015140       GetACP                     0000000140016140 f   kernel32:KERNEL32.dll
 0001:00015146       GetOEMCP                   0000000140016146 f   kernel32:KERNEL32.dll
 0001:0001514c       GetCPInfo                  000000014001614c f   kernel32:KERNEL32.dll
 0001:00015152       IsDebuggerPresent          0000000140016152 f   kernel32:KERNEL32.dll
 0001:00015158       IsProcessorFeaturePresent  0000000140016158 f   kernel32:KERNEL32.dll
 0001:0001515e       SetConsoleCtrlHandler      000000014001615e f   kernel32:KERNEL32.dll
 0001:00015164       FreeLibrary                0000000140016164 f   kernel32:KERNEL32.dll
 0001:0001516a       LoadLibraryExW             000000014001616a f   kernel32:KERNEL32.dll
 0001:00015170       OutputDebugStringW         0000000140016170 f   kernel32:KERNEL32.dll
 0001:00015176       HeapAlloc                  0000000140016176 f   kernel32:KERNEL32.dll
 0001:0001517c       HeapReAlloc                000000014001617c f   kernel32:KERNEL32.dll
 0001:00015182       GetStringTypeW             0000000140016182 f   kernel32:KERNEL32.dll
 0001:00015188       HeapSize                   0000000140016188 f   kernel32:KERNEL32.dll
 0001:0001518e       GetDateFormatW             000000014001618e f   kernel32:KERNEL32.dll
 0001:00015194       GetTimeFormatW             0000000140016194 f   kernel32:KERNEL32.dll
 0001:0001519a       CompareStringW             000000014001619a f   kernel32:KERNEL32.dll
 0001:000151a0       LCMapStringW               00000001400161a0 f   kernel32:KERNEL32.dll
 0001:000151a6       GetLocaleInfoW             00000001400161a6 f   kernel32:KERNEL32.dll
 0001:000151ac       IsValidLocale              00000001400161ac f   kernel32:KERNEL32.dll
 0001:000151b2       GetUserDefaultLCID         00000001400161b2 f   kernel32:KERNEL32.dll
 0001:000151b8       EnumSystemLocalesW         00000001400161b8 f   kernel32:KERNEL32.dll
 0001:000151be       FlushFileBuffers           00000001400161be f   kernel32:KERNEL32.dll
 0001:000151c4       GetConsoleCP               00000001400161c4 f   kernel32:KERNEL32.dll
 0001:000151ca       GetConsoleMode             00000001400161ca f   kernel32:KERNEL32.dll
 0001:000151d0       SetStdHandle               00000001400161d0 f   kernel32:KERNEL32.dll
 0001:000151d6       SetFilePointerEx           00000001400161d6 f   kernel32:KERNEL32.dll
 0001:000151dc       WriteConsoleW              00000001400161dc f   kernel32:KERNEL32.dll
 0001:000151e2       CloseHandle                00000001400161e2 f   kernel32:KERNEL32.dll
 0001:000151e8       CreateFileW                00000001400161e8 f   kernel32:KERNEL32.dll
 0002:00000000       __imp_Sleep                0000000140017000     kernel32:KERNEL32.dll
 0002:00000008       __imp_CloseHandle          0000000140017008     kernel32:KERNEL32.dll
 0002:00000010       __imp_WriteConsoleW        0000000140017010     kernel32:KERNEL32.dll
 0002:00000018       __imp_SetFilePointerEx     0000000140017018     kernel32:KERNEL32.dll
 0002:00000020       __imp_SetStdHandle         0000000140017020     kernel32:KERNEL32.dll
 0002:00000028       __imp_GetCommandLineA      0000000140017028     kernel32:KERNEL32.dll
 0002:00000030       __imp_GetLastError         0000000140017030     kernel32:KERNEL32.dll
 0002:00000038       __imp_SetLastError         0000000140017038     kernel32:KERNEL32.dll
 0002:00000040       __imp_GetCurrentThread     0000000140017040     kernel32:KERNEL32.dll
 0002:00000048       __imp_GetCurrentThreadId   0000000140017048     kernel32:KERNEL32.dll
 0002:00000050       __imp_EncodePointer        0000000140017050     kernel32:KERNEL32.dll
 0002:00000058       __imp_DecodePointer        0000000140017058     kernel32:KERNEL32.dll
 0002:00000060       __imp_ExitProcess          0000000140017060     kernel32:KERNEL32.dll
 0002:00000068       __imp_GetModuleHandleExW   0000000140017068     kernel32:KERNEL32.dll
 0002:00000070       __imp_GetProcAddress       0000000140017070     kernel32:KERNEL32.dll
 0002:00000078       __imp_AreFileApisANSI      0000000140017078     kernel32:KERNEL32.dll
 0002:00000080       __imp_MultiByteToWideChar  0000000140017080     kernel32:KERNEL32.dll
 0002:00000088       __imp_WideCharToMultiByte  0000000140017088     kernel32:KERNEL32.dll
 0002:00000090       __imp_GetProcessHeap       0000000140017090     kernel32:KERNEL32.dll
 0002:00000098       __imp_GetStdHandle         0000000140017098     kernel32:KERNEL32.dll
 0002:000000a0       __imp_GetFileType          00000001400170a0     kernel32:KERNEL32.dll
 0002:000000a8       __imp_DeleteCriticalSection 00000001400170a8     kernel32:KERNEL32.dll
 0002:000000b0       __imp_GetStartupInfoW      00000001400170b0     kernel32:KERNEL32.dll
 0002:000000b8       __imp_GetModuleFileNameA   00000001400170b8     kernel32:KERNEL32.dll
 0002:000000c0       __imp_WriteFile            00000001400170c0     kernel32:KERNEL32.dll
 0002:000000c8       __imp_GetModuleFileNameW   00000001400170c8     kernel32:KERNEL32.dll
 0002:000000d0       __imp_QueryPerformanceCounter 00000001400170d0     kernel32:KERNEL32.dll
 0002:000000d8       __imp_GetCurrentProcessId  00000001400170d8     kernel32:KERNEL32.dll
 0002:000000e0       __imp_GetSystemTimeAsFileTime 00000001400170e0     kernel32:KERNEL32.dll
 0002:000000e8       __imp_GetEnvironmentStringsW 00000001400170e8     kernel32:KERNEL32.dll
 0002:000000f0       __imp_FreeEnvironmentStringsW 00000001400170f0     kernel32:KERNEL32.dll
 0002:000000f8       __imp_RtlUnwindEx          00000001400170f8     kernel32:KERNEL32.dll
 0002:00000100       __imp_RtlCaptureContext    0000000140017100     kernel32:KERNEL32.dll
 0002:00000108       __imp_RtlLookupFunctionEntry 0000000140017108     kernel32:KERNEL32.dll
 0002:00000110       __imp_RtlVirtualUnwind     0000000140017110     kernel32:KERNEL32.dll
 0002:00000118       __imp_UnhandledExceptionFilter 0000000140017118     kernel32:KERNEL32.dll
 0002:00000120       __imp_SetUnhandledExceptionFilter 0000000140017120     kernel32:KERNEL32.dll
 0002:00000128       __imp_InitializeCriticalSectionAndSpinCount 0000000140017128     kernel32:KERNEL32.dll
 0002:00000130       __imp_CreateEventW         0000000140017130     kernel32:KERNEL32.dll
 0002:00000138       __imp_GetCurrentProcess    0000000140017138     kernel32:KERNEL32.dll
 0002:00000140       __imp_TerminateProcess     0000000140017140     kernel32:KERNEL32.dll
 0002:00000148       __imp_TlsAlloc             0000000140017148     kernel32:KERNEL32.dll
 0002:00000150       __imp_TlsGetValue          0000000140017150     kernel32:KERNEL32.dll
 0002:00000158       __imp_TlsSetValue          0000000140017158     kernel32:KERNEL32.dll
 0002:00000160       __imp_TlsFree              0000000140017160     kernel32:KERNEL32.dll
 0002:00000168       __imp_GetTickCount         0000000140017168     kernel32:KERNEL32.dll
 0002:00000170       __imp_GetModuleHandleW     0000000140017170     kernel32:KERNEL32.dll
 0002:00000178       __imp_CreateSemaphoreW     0000000140017178     kernel32:KERNEL32.dll
 0002:00000180       __imp_EnterCriticalSection 0000000140017180     kernel32:KERNEL32.dll
 0002:00000188       __imp_LeaveCriticalSection 0000000140017188     kernel32:KERNEL32.dll
 0002:00000190       __imp_FatalAppExitA        0000000140017190     kernel32:KERNEL32.dll
 0002:00000198       __imp_HeapFree             0000000140017198     kernel32:KERNEL32.dll
 0002:000001a0       __imp_IsValidCodePage      00000001400171a0     kernel32:KERNEL32.dll
 0002:000001a8       __imp_GetACP               00000001400171a8     kernel32:KERNEL32.dll
 0002:000001b0       __imp_GetOEMCP             00000001400171b0     kernel32:KERNEL32.dll
 0002:000001b8       __imp_GetCPInfo            00000001400171b8     kernel32:KERNEL32.dll
 0002:000001c0       __imp_IsDebuggerPresent    00000001400171c0     kernel32:KERNEL32.dll
 0002:000001c8       __imp_IsProcessorFeaturePresent 00000001400171c8     kernel32:KERNEL32.dll
 0002:000001d0       __imp_SetConsoleCtrlHandler 00000001400171d0     kernel32:KERNEL32.dll
 0002:000001d8       __imp_FreeLibrary          00000001400171d8     kernel32:KERNEL32.dll
 0002:000001e0       __imp_LoadLibraryExW       00000001400171e0     kernel32:KERNEL32.dll
 0002:000001e8       __imp_OutputDebugStringW   00000001400171e8     kernel32:KERNEL32.dll
 0002:000001f0       __imp_HeapAlloc            00000001400171f0     kernel32:KERNEL32.dll
 0002:000001f8       __imp_HeapReAlloc          00000001400171f8     kernel32:KERNEL32.dll
 0002:00000200       __imp_GetStringTypeW       0000000140017200     kernel32:KERNEL32.dll
 0002:00000208       __imp_HeapSize             0000000140017208     kernel32:KERNEL32.dll
 0002:00000210       __imp_GetDateFormatW       0000000140017210     kernel32:KERNEL32.dll
 0002:00000218       __imp_GetTimeFormatW       0000000140017218     kernel32:KERNEL32.dll
 0002:00000220       __imp_CompareStringW       0000000140017220     kernel32:KERNEL32.dll
 0002:00000228       __imp_LCMapStringW         0000000140017228     kernel32:KERNEL32.dll
 0002:00000230       __imp_GetLocaleInfoW       0000000140017230     kernel32:KERNEL32.dll
 0002:00000238       __imp_IsValidLocale        0000000140017238     kernel32:KERNEL32.dll
 0002:00000240       __imp_GetUserDefaultLCID   0000000140017240     kernel32:KERNEL32.dll
 0002:00000248       __imp_EnumSystemLocalesW   0000000140017248     kernel32:KERNEL32.dll
 0002:00000250       __imp_FlushFileBuffers     0000000140017250     kernel32:KERNEL32.dll
 0002:00000258       __imp_GetConsoleCP         0000000140017258     kernel32:KERNEL32.dll
 0002:00000260       __imp_GetConsoleMode       0000000140017260     kernel32:KERNEL32.dll
 0002:00000268       __imp_CreateFileW          0000000140017268     kernel32:KERNEL32.dll
 0002:00000270       \177KERNEL32_NULL_THUNK_DATA 0000000140017270     kernel32:KERNEL32.dll
 0002:00000278       __imp_?VJoy_Shutdown@@YAXXZ 0000000140017278     VJoy64:VJoy.dll
 0002:00000280       __imp_?VJoy_Initialize@@YAHPEAD0@Z 0000000140017280     VJoy64:VJoy.dll
 0002:00000288       __imp_?VJoy_UpdateJoyState@@YAHHPEAU_JOYSTICK_STATE@@@Z 0000000140017288     VJoy64:VJoy.dll
 0002:00000290       \177VJoy_NULL_THUNK_DATA   0000000140017290     VJoy64:VJoy.dll
 0002:00000298       __xc_a                     0000000140017298     LIBCMT:crt0init.obj
 0002:000002a0       __xc_z                     00000001400172a0     LIBCMT:crt0init.obj
 0002:000002a8       __xi_a                     00000001400172a8     LIBCMT:crt0init.obj
 0002:000002d8       __xi_z                     00000001400172d8     LIBCMT:crt0init.obj
 0002:000002e0       __xp_a                     00000001400172e0     LIBCMT:crt0init.obj
 0002:00000300       __xp_z                     0000000140017300     LIBCMT:crt0init.obj
 0002:00000308       __xt_a                     0000000140017308     LIBCMT:crt0init.obj
 0002:00000310       __xt_z                     0000000140017310     LIBCMT:crt0init.obj
 0002:00000358       ??_C@_07DOJIHIIN@1237942?$AA@ 0000000140017358     VJoy.obj
 0002:00000360       ??_C@_08OOKKENJ@DCcVstic?$AA@ 0000000140017360     VJoy.obj
 0002:0000036c       ?ProcessDetach@NativeDll@<CrtImplementationDetails>@@0IB 000000014001736c     LIBCMT:unhandld.obj
 0002:00000370       ?ProcessAttach@NativeDll@<CrtImplementationDetails>@@0IB 0000000140017370     LIBCMT:unhandld.obj
 0002:00000374       ?ThreadAttach@NativeDll@<CrtImplementationDetails>@@0IB 0000000140017374     LIBCMT:unhandld.obj
 0002:00000378       ?ThreadDetach@NativeDll@<CrtImplementationDetails>@@0IB 0000000140017378     LIBCMT:unhandld.obj
 0002:0000037c       ?ProcessVerifier@NativeDll@<CrtImplementationDetails>@@0IB 000000014001737c     LIBCMT:unhandld.obj
 0002:00000380       _XcptActTab                0000000140017380     LIBCMT:winxfltr.obj
 0002:00000440       _XcptActTabCount           0000000140017440     LIBCMT:winxfltr.obj
 0002:00000444       _XcptActTabSize            0000000140017444     LIBCMT:winxfltr.obj
 0002:00000448       _First_FPE_Indx            0000000140017448     LIBCMT:winxfltr.obj
 0002:0000044c       _Num_FPE                   000000014001744c     LIBCMT:winxfltr.obj
 0002:00000450       ??_C@_1BI@BGOHAHKC@?$AAm?$AAs?$AAc?$AAo?$AAr?$AAe?$AAe?$AA?4?$AAd?$AAl?$AAl?$AA?$AA@ 0000000140017450     LIBCMT:crt0dat.obj
 0002:00000468       ??_C@_0P@MIGLKIOC@CorExitProcess?$AA@ 0000000140017468     LIBCMT:crt0dat.obj
 0002:000005f0       ??_C@_1FK@PGACCAFB@?$AAR?$AA6?$AA0?$AA0?$AA2?$AA?$AN?$AA?6?$AA?9?$AA?5?$AAf?$AAl?$AAo?$AAa?$AAt?$AAi?$AAn?$AAg?$AA?5?$AAp?$AAo?$AAi?$AAn?$AAt?$AA?5?$AAs?$AAu?$AAp?$AAp?$AAo?$AAr?$AAt?$AA?5@ 00000001400175f0     LIBCMT:crt0msg.obj
 0002:00000650       ??_C@_1FE@LLNEDJMD@?$AAR?$AA6?$AA0?$AA0?$AA8?$AA?$AN?$AA?6?$AA?9?$AA?5?$AAn?$AAo?$AAt?$AA?5?$AAe?$AAn?$AAo?$AAu?$AAg?$AAh?$AA?5?$AAs?$AAp?$AAa?$AAc?$AAe?$AA?5?$AAf?$AAo?$AAr?$AA?5?$AAa?$AAr@ 0000000140017650     LIBCMT:crt0msg.obj
 0002:000006b0       ??_C@_1FI@HONFMGBI@?$AAR?$AA6?$AA0?$AA0?$AA9?$AA?$AN?$AA?6?$AA?9?$AA?5?$AAn?$AAo?$AAt?$AA?5?$AAe?$AAn?$AAo?$AAu?$AAg?$AAh?$AA?5?$AAs?$AAp?$AAa?$AAc?$AAe?$AA?5?$AAf?$AAo?$AAr?$AA?5?$AAe?$AAn@ 00000001400176b0     LIBCMT:crt0msg.obj
 0002:00000710       ??_C@_1EG@BEHAGFJD@?$AAR?$AA6?$AA0?$AA1?$AA0?$AA?$AN?$AA?6?$AA?9?$AA?5?$AAa?$AAb?$AAo?$AAr?$AAt?$AA?$CI?$AA?$CJ?$AA?5?$AAh?$AAa?$AAs?$AA?5?$AAb?$AAe?$AAe?$AAn?$AA?5?$AAc?$AAa?$AAl?$AAl?$AAe?$AAd@ 0000000140017710     LIBCMT:crt0msg.obj
 0002:00000760       ??_C@_1FI@LOGNIKDM@?$AAR?$AA6?$AA0?$AA1?$AA6?$AA?$AN?$AA?6?$AA?9?$AA?5?$AAn?$AAo?$AAt?$AA?5?$AAe?$AAn?$AAo?$AAu?$AAg?$AAh?$AA?5?$AAs?$AAp?$AAa?$AAc?$AAe?$AA?5?$AAf?$AAo?$AAr?$AA?5?$AAt?$AAh@ 0000000140017760     LIBCMT:crt0msg.obj
 0002:000007c0       ??_C@_1FK@BEOGODMC@?$AAR?$AA6?$AA0?$AA1?$AA7?$AA?$AN?$AA?6?$AA?9?$AA?5?$AAu?$AAn?$AAe?$AAx?$AAp?$AAe?$AAc?$AAt?$AAe?$AAd?$AA?5?$AAm?$AAu?$AAl?$AAt?$AAi?$AAt?$AAh?$AAr?$AAe?$AAa?$AAd?$AA?5@ 00000001400177c0     LIBCMT:crt0msg.obj
 0002:00000820       ??_C@_1EC@JIBHAOPH@?$AAR?$AA6?$AA0?$AA1?$AA8?$AA?$AN?$AA?6?$AA?9?$AA?5?$AAu?$AAn?$AAe?$AAx?$AAp?$AAe?$AAc?$AAt?$AAe?$AAd?$AA?5?$AAh?$AAe?$AAa?$AAp?$AA?5?$AAe?$AAr?$AAr?$AAo?$AAr?$AA?$AN?$AA?6@ 0000000140017820     LIBCMT:crt0msg.obj
 0002:00000870       ??_C@_1FC@ECHBIFBC@?$AAR?$AA6?$AA0?$AA1?$AA9?$AA?$AN?$AA?6?$AA?9?$AA?5?$AAu?$AAn?$AAa?$AAb?$AAl?$AAe?$AA?5?$AAt?$AAo?$AA?5?$AAo?$AAp?$AAe?$AAn?$AA?5?$AAc?$AAo?$AAn?$AAs?$AAo?$AAl?$AAe?$AA?5@ 0000000140017870     LIBCMT:crt0msg.obj
 0002:000008d0       ??_C@_1GK@FHCKBEFA@?$AAR?$AA6?$AA0?$AA2?$AA4?$AA?$AN?$AA?6?$AA?9?$AA?5?$AAn?$AAo?$AAt?$AA?5?$AAe?$AAn?$AAo?$AAu?$AAg?$AAh?$AA?5?$AAs?$AAp?$AAa?$AAc?$AAe?$AA?5?$AAf?$AAo?$AAr?$AA?5?$AA_?$AAo@ 00000001400178d0     LIBCMT:crt0msg.obj
 0002:00000940       ??_C@_1EM@MAADIHMB@?$AAR?$AA6?$AA0?$AA2?$AA5?$AA?$AN?$AA?6?$AA?9?$AA?5?$AAp?$AAu?$AAr?$AAe?$AA?5?$AAv?$AAi?$AAr?$AAt?$AAu?$AAa?$AAl?$AA?5?$AAf?$AAu?$AAn?$AAc?$AAt?$AAi?$AAo?$AAn?$AA?5?$AAc@ 0000000140017940     LIBCMT:crt0msg.obj
 0002:00000990       ??_C@_1GK@MCAAGJMO@?$AAR?$AA6?$AA0?$AA2?$AA6?$AA?$AN?$AA?6?$AA?9?$AA?5?$AAn?$AAo?$AAt?$AA?5?$AAe?$AAn?$AAo?$AAu?$AAg?$AAh?$AA?5?$AAs?$AAp?$AAa?$AAc?$AAe?$AA?5?$AAf?$AAo?$AAr?$AA?5?$AAs?$AAt@ 0000000140017990     LIBCMT:crt0msg.obj
 0002:00000a00       ??_C@_1GK@MFGOKLAG@?$AAR?$AA6?$AA0?$AA2?$AA7?$AA?$AN?$AA?6?$AA?9?$AA?5?$AAn?$AAo?$AAt?$AA?5?$AAe?$AAn?$AAo?$AAu?$AAg?$AAh?$AA?5?$AAs?$AAp?$AAa?$AAc?$AAe?$AA?5?$AAf?$AAo?$AAr?$AA?5?$AAl?$AAo@ 0000000140017a00     LIBCMT:crt0msg.obj
 0002:00000a70       ??_C@_1EK@HHFLMAOL@?$AAR?$AA6?$AA0?$AA2?$AA8?$AA?$AN?$AA?6?$AA?9?$AA?5?$AAu?$AAn?$AAa?$AAb?$AAl?$AAe?$AA?5?$AAt?$AAo?$AA?5?$AAi?$AAn?$AAi?$AAt?$AAi?$AAa?$AAl?$AAi?$AAz?$AAe?$AA?5?$AAh?$AAe@ 0000000140017a70     LIBCMT:crt0msg.obj
 0002:00000ac0       ??_C@_1DO@BMFCDCD@?$AAR?$AA6?$AA0?$AA3?$AA0?$AA?$AN?$AA?6?$AA?9?$AA?5?$AAC?$AAR?$AAT?$AA?5?$AAn?$AAo?$AAt?$AA?5?$AAi?$AAn?$AAi?$AAt?$AAi?$AAa?$AAl?$AAi?$AAz?$AAe?$AAd?$AA?$AN?$AA?6?$AA?$AA@ 0000000140017ac0     LIBCMT:crt0msg.obj
 0002:00000b00       ??_C@_1MG@ENCOOIDF@?$AAR?$AA6?$AA0?$AA3?$AA1?$AA?$AN?$AA?6?$AA?9?$AA?5?$AAA?$AAt?$AAt?$AAe?$AAm?$AAp?$AAt?$AA?5?$AAt?$AAo?$AA?5?$AAi?$AAn?$AAi?$AAt?$AAi?$AAa?$AAl?$AAi?$AAz?$AAe?$AA?5?$AAt@ 0000000140017b00     LIBCMT:crt0msg.obj
 0002:00000bd0       ??_C@_1GG@GOPILAJP@?$AAR?$AA6?$AA0?$AA3?$AA2?$AA?$AN?$AA?6?$AA?9?$AA?5?$AAn?$AAo?$AAt?$AA?5?$AAe?$AAn?$AAo?$AAu?$AAg?$AAh?$AA?5?$AAs?$AAp?$AAa?$AAc?$AAe?$AA?5?$AAf?$AAo?$AAr?$AA?5?$AAl?$AAo@ 0000000140017bd0     LIBCMT:crt0msg.obj
 0002:00000c40       ??_C@_1BOO@KGEDBGAJ@?$AAR?$AA6?$AA0?$AA3?$AA3?$AA?$AN?$AA?6?$AA?9?$AA?5?$AAA?$AAt?$AAt?$AAe?$AAm?$AAp?$AAt?$AA?5?$AAt?$AAo?$AA?5?$AAu?$AAs?$AAe?$AA?5?$AAM?$AAS?$AAI?$AAL?$AA?5?$AAc?$AAo?$AAd@ 0000000140017c40     LIBCMT:crt0msg.obj
 0002:00000e30       ??_C@_1GG@MKFPEKFO@?$AAR?$AA6?$AA0?$AA3?$AA4?$AA?$AN?$AA?6?$AA?9?$AA?5?$AAi?$AAn?$AAc?$AAo?$AAn?$AAs?$AAi?$AAs?$AAt?$AAe?$AAn?$AAt?$AA?5?$AAo?$AAn?$AAe?$AAx?$AAi?$AAt?$AA?5?$AAb?$AAe?$AAg@ 0000000140017e30     LIBCMT:crt0msg.obj
 0002:00000e98       ??_C@_1BO@BFCDCGC@?$AAD?$AAO?$AAM?$AAA?$AAI?$AAN?$AA?5?$AAe?$AAr?$AAr?$AAo?$AAr?$AA?$AN?$AA?6?$AA?$AA@ 0000000140017e98     LIBCMT:crt0msg.obj
 0002:00000eb8       ??_C@_1BK@KMOMNAAI@?$AAS?$AAI?$AAN?$AAG?$AA?5?$AAe?$AAr?$AAr?$AAo?$AAr?$AA?$AN?$AA?6?$AA?$AA@ 0000000140017eb8     LIBCMT:crt0msg.obj
 0002:00000ed8       ??_C@_1BM@JBBEPPHI@?$AAT?$AAL?$AAO?$AAS?$AAS?$AA?5?$AAe?$AAr?$AAr?$AAo?$AAr?$AA?$AN?$AA?6?$AA?$AA@ 0000000140017ed8     LIBCMT:crt0msg.obj
 0002:00000ef4       ??_C@_15JNBOKNOG@?$AA?$AN?$AA?6?$AA?$AA@ 0000000140017ef4     LIBCMT:crt0msg.obj
 0002:00000f00       ??_C@_1BO@BKOMIGKJ@?$AAr?$AAu?$AAn?$AAt?$AAi?$AAm?$AAe?$AA?5?$AAe?$AAr?$AAr?$AAo?$AAr?$AA?5?$AA?$AA@ 0000000140017f00     LIBCMT:crt0msg.obj
 0002:00000f20       ??_C@_1DE@JNGNBFGO@?$AAR?$AAu?$AAn?$AAt?$AAi?$AAm?$AAe?$AA?5?$AAE?$AAr?$AAr?$AAo?$AAr?$AA?$CB?$AA?6?$AA?6?$AAP?$AAr?$AAo?$AAg?$AAr?$AAa?$AAm?$AA?3?$AA?5?$AA?$AA@ 0000000140017f20     LIBCMT:crt0msg.obj
 0002:00000f58       ??_C@_1CO@EAEJAADC@?$AA?$DM?$AAp?$AAr?$AAo?$AAg?$AAr?$AAa?$AAm?$AA?5?$AAn?$AAa?$AAm?$AAe?$AA?5?$AAu?$AAn?$AAk?$AAn?$AAo?$AAw?$AAn?$AA?$DO?$AA?$AA@ 0000000140017f58     LIBCMT:crt0msg.obj
 0002:00000f88       ??_C@_17LGKOMLJ@?$AA?4?$AA?4?$AA?4?$AA?$AA@ 0000000140017f88     LIBCMT:crt0msg.obj
 0002:00000f90       ??_C@_15IABLJNFO@?$AA?6?$AA?6?$AA?$AA@ 0000000140017f90     LIBCMT:crt0msg.obj
 0002:00000fa0       ??_C@_1EK@MBDPDCGA@?$AAM?$AAi?$AAc?$AAr?$AAo?$AAs?$AAo?$AAf?$AAt?$AA?5?$AAV?$AAi?$AAs?$AAu?$AAa?$AAl?$AA?5?$AAC?$AA?$CL?$AA?$CL?$AA?5?$AAR?$AAu?$AAn?$AAt?$AAi?$AAm?$AAe?$AA?5?$AAL?$AAi?$AAb@ 0000000140017fa0     LIBCMT:crt0msg.obj
 0002:00000ff0       ??_C@_1BK@MGMFAEKH@?$AAk?$AAe?$AAr?$AAn?$AAe?$AAl?$AA3?$AA2?$AA?4?$AAd?$AAl?$AAl?$AA?$AA@ 0000000140017ff0     LIBCMT:winapisupp.obj
 0002:00001010       ??_C@_08KNHFBNJ@FlsAlloc?$AA@ 0000000140018010     LIBCMT:winapisupp.obj
 0002:00001020       ??_C@_07PEJMOBNF@FlsFree?$AA@ 0000000140018020     LIBCMT:winapisupp.obj
 0002:00001028       ??_C@_0M@GDNOONDI@FlsGetValue?$AA@ 0000000140018028     LIBCMT:winapisupp.obj
 0002:00001038       ??_C@_0M@JCPCPOEF@FlsSetValue?$AA@ 0000000140018038     LIBCMT:winapisupp.obj
 0002:00001048       ??_C@_0BM@HCFOFFN@InitializeCriticalSectionEx?$AA@ 0000000140018048     LIBCMT:winapisupp.obj
 0002:00001068       ??_C@_0P@DLHPPCNH@CreateEventExW?$AA@ 0000000140018068     LIBCMT:winapisupp.obj
 0002:00001078       ??_C@_0BD@KIEEOEEH@CreateSemaphoreExW?$AA@ 0000000140018078     LIBCMT:winapisupp.obj
 0002:00001090       ??_C@_0BI@BKLFFAPO@SetThreadStackGuarantee?$AA@ 0000000140018090     LIBCMT:winapisupp.obj
 0002:000010a8       ??_C@_0BG@OGFAJCKC@CreateThreadpoolTimer?$AA@ 00000001400180a8     LIBCMT:winapisupp.obj
 0002:000010c0       ??_C@_0BD@LPLEMMDI@SetThreadpoolTimer?$AA@ 00000001400180c0     LIBCMT:winapisupp.obj
 0002:000010d8       ??_C@_0CA@FMNJENH@WaitForThreadpoolTimerCallbacks?$AA@ 00000001400180d8     LIBCMT:winapisupp.obj
 0002:000010f8       ??_C@_0BF@DCFCCNOC@CloseThreadpoolTimer?$AA@ 00000001400180f8     LIBCMT:winapisupp.obj
 0002:00001110       ??_C@_0BF@FLABGKKM@CreateThreadpoolWait?$AA@ 0000000140018110     LIBCMT:winapisupp.obj
 0002:00001128       ??_C@_0BC@MGCOHNA@SetThreadpoolWait?$AA@ 0000000140018128     LIBCMT:winapisupp.obj
 0002:00001140       ??_C@_0BE@OCIOMIMP@CloseThreadpoolWait?$AA@ 0000000140018140     LIBCMT:winapisupp.obj
 0002:00001158       ??_C@_0BJ@LKGHFHBO@FlushProcessWriteBuffers?$AA@ 0000000140018158     LIBCMT:winapisupp.obj
 0002:00001178       ??_C@_0BP@KALKKPMO@FreeLibraryWhenCallbackReturns?$AA@ 0000000140018178     LIBCMT:winapisupp.obj
 0002:00001198       ??_C@_0BK@DFNBACLA@GetCurrentProcessorNumber?$AA@ 0000000140018198     LIBCMT:winapisupp.obj
 0002:000011b8       ??_C@_0BP@KHGALBC@GetLogicalProcessorInformation?$AA@ 00000001400181b8     LIBCMT:winapisupp.obj
 0002:000011d8       ??_C@_0BE@FKKLLFLM@CreateSymbolicLinkW?$AA@ 00000001400181d8     LIBCMT:winapisupp.obj
 0002:000011f0       ??_C@_0BJ@OHNKDLIJ@SetDefaultDllDirectories?$AA@ 00000001400181f0     LIBCMT:winapisupp.obj
 0002:00001210       ??_C@_0BE@LJANKFHF@EnumSystemLocalesEx?$AA@ 0000000140018210     LIBCMT:winapisupp.obj
 0002:00001228       ??_C@_0BA@IHGNDAEB@CompareStringEx?$AA@ 0000000140018228     LIBCMT:winapisupp.obj
 0002:00001238       ??_C@_0BA@EPCJIIPD@GetDateFormatEx?$AA@ 0000000140018238     LIBCMT:winapisupp.obj
 0002:00001248       ??_C@_0BA@ONOKGCMP@GetLocaleInfoEx?$AA@ 0000000140018248     LIBCMT:winapisupp.obj
 0002:00001258       ??_C@_0BA@CIJJKCJJ@GetTimeFormatEx?$AA@ 0000000140018258     LIBCMT:winapisupp.obj
 0002:00001268       ??_C@_0BJ@PBCCBIPI@GetUserDefaultLocaleName?$AA@ 0000000140018268     LIBCMT:winapisupp.obj
 0002:00001288       ??_C@_0BC@CELBKLLA@IsValidLocaleName?$AA@ 0000000140018288     LIBCMT:winapisupp.obj
 0002:000012a0       ??_C@_0O@KKBNKAPF@LCMapStringEx?$AA@ 00000001400182a0     LIBCMT:winapisupp.obj
 0002:000012b0       ??_C@_0BE@JOGNEJCI@GetCurrentPackageId?$AA@ 00000001400182b0     LIBCMT:winapisupp.obj
 0002:000012c8       ??_C@_0P@CDHHOHKP@GetTickCount64?$AA@ 00000001400182c8     LIBCMT:winapisupp.obj
 0002:000012d8       ??_C@_0BO@KPCLFDJJ@GetFileInformationByHandleExW?$AA@ 00000001400182d8     LIBCMT:winapisupp.obj
 0002:000012f8       ??_C@_0BM@MHIDLABK@SetFileInformationByHandleW?$AA@ 00000001400182f8     LIBCMT:winapisupp.obj
 0002:00001314       ??_C@_03KOEHGMDN@Sun?$AA@  0000000140018314     LIBCMT:nlsdata.obj
 0002:00001318       ??_C@_03PDAGKDH@Mon?$AA@   0000000140018318     LIBCMT:nlsdata.obj
 0002:0000131c       ??_C@_03NAGEINEP@Tue?$AA@  000000014001831c     LIBCMT:nlsdata.obj
 0002:00001320       ??_C@_03MHOMLAJA@Wed?$AA@  0000000140018320     LIBCMT:nlsdata.obj
 0002:00001324       ??_C@_03IOFIKPDN@Thu?$AA@  0000000140018324     LIBCMT:nlsdata.obj
 0002:00001328       ??_C@_03IDIOELNC@Fri?$AA@  0000000140018328     LIBCMT:nlsdata.obj
 0002:0000132c       ??_C@_03FEFJNEK@Sat?$AA@   000000014001832c     LIBCMT:nlsdata.obj
 0002:00001330       ??_C@_06OOPIFAJ@Sunday?$AA@ 0000000140018330     LIBCMT:nlsdata.obj
 0002:00001338       ??_C@_06JLEDEDGH@Monday?$AA@ 0000000140018338     LIBCMT:nlsdata.obj
 0002:00001340       ??_C@_07BAAGCFCM@Tuesday?$AA@ 0000000140018340     LIBCMT:nlsdata.obj
 0002:00001348       ??_C@_09DLIGFAKA@Wednesday?$AA@ 0000000140018348     LIBCMT:nlsdata.obj
 0002:00001358       ??_C@_08HACCIKIA@Thursday?$AA@ 0000000140018358     LIBCMT:nlsdata.obj
 0002:00001364       ??_C@_06JECMNKMI@Friday?$AA@ 0000000140018364     LIBCMT:nlsdata.obj
 0002:00001370       ??_C@_08INBOOONO@Saturday?$AA@ 0000000140018370     LIBCMT:nlsdata.obj
 0002:0000137c       ??_C@_03JIHJHPIE@Jan?$AA@  000000014001837c     LIBCMT:nlsdata.obj
 0002:00001380       ??_C@_03HJBDCHOM@Feb?$AA@  0000000140018380     LIBCMT:nlsdata.obj
 0002:00001384       ??_C@_03ODNJBKGA@Mar?$AA@  0000000140018384     LIBCMT:nlsdata.obj
 0002:00001388       ??_C@_03LEOLGMJP@Apr?$AA@  0000000140018388     LIBCMT:nlsdata.obj
 0002:0000138c       ??_C@_03CNMDKL@May?$AA@    000000014001838c     LIBCMT:nlsdata.obj
 0002:00001390       ??_C@_03IDFGHECI@Jun?$AA@  0000000140018390     LIBCMT:nlsdata.obj
 0002:00001394       ??_C@_03LBGABGKK@Jul?$AA@  0000000140018394     LIBCMT:nlsdata.obj
 0002:00001398       ??_C@_03IFJFEIGA@Aug?$AA@  0000000140018398     LIBCMT:nlsdata.obj
 0002:0000139c       ??_C@_03GGCAPAJC@Sep?$AA@  000000014001839c     LIBCMT:nlsdata.obj
 0002:000013a0       ??_C@_03BMAOKBAD@Oct?$AA@  00000001400183a0     LIBCMT:nlsdata.obj
 0002:000013a4       ??_C@_03JPJOFNIA@Nov?$AA@  00000001400183a4     LIBCMT:nlsdata.obj
 0002:000013a8       ??_C@_03MKABNOCG@Dec?$AA@  00000001400183a8     LIBCMT:nlsdata.obj
 0002:000013b0       ??_C@_07CGJPFGJA@January?$AA@ 00000001400183b0     LIBCMT:nlsdata.obj
 0002:000013b8       ??_C@_08GNJGEPFN@February?$AA@ 00000001400183b8     LIBCMT:nlsdata.obj
 0002:000013c4       ??_C@_05HPCKOFNC@March?$AA@ 00000001400183c4     LIBCMT:nlsdata.obj
 0002:000013cc       ??_C@_05DMJDNLEJ@April?$AA@ 00000001400183cc     LIBCMT:nlsdata.obj
 0002:000013d4       ??_C@_04CNLMGBGM@June?$AA@ 00000001400183d4     LIBCMT:nlsdata.obj
 0002:000013dc       ??_C@_04MIEPOIFP@July?$AA@ 00000001400183dc     LIBCMT:nlsdata.obj
 0002:000013e4       ??_C@_06LBBHFDDG@August?$AA@ 00000001400183e4     LIBCMT:nlsdata.obj
 0002:000013f0       ??_C@_09BHHEALKD@September?$AA@ 00000001400183f0     LIBCMT:nlsdata.obj
 0002:00001400       ??_C@_07JJNFCEND@October?$AA@ 0000000140018400     LIBCMT:nlsdata.obj
 0002:00001408       ??_C@_08HCHEGEOA@November?$AA@ 0000000140018408     LIBCMT:nlsdata.obj
 0002:00001418       ??_C@_08EDHMEBNP@December?$AA@ 0000000140018418     LIBCMT:nlsdata.obj
 0002:00001424       ??_C@_02DEDBPAFC@AM?$AA@   0000000140018424     LIBCMT:nlsdata.obj
 0002:00001428       ??_C@_02CJNFDJBF@PM?$AA@   0000000140018428     LIBCMT:nlsdata.obj
 0002:00001430       ??_C@_08BPBNCDIB@MM?1dd?1yy?$AA@ 0000000140018430     LIBCMT:nlsdata.obj
 0002:00001440       ??_C@_0BE@CKGJFCPC@dddd?0?5MMMM?5dd?0?5yyyy?$AA@ 0000000140018440     LIBCMT:nlsdata.obj
 0002:00001458       ??_C@_08JCCMCCIL@HH?3mm?3ss?$AA@ 0000000140018458     LIBCMT:nlsdata.obj
 0002:00001468       ??_C@_17MBGCMIPB@?$AAS?$AAu?$AAn?$AA?$AA@ 0000000140018468     LIBCMT:nlsdata.obj
 0002:00001470       ??_C@_17KBOMKBF@?$AAM?$AAo?$AAn?$AA?$AA@ 0000000140018470     LIBCMT:nlsdata.obj
 0002:00001478       ??_C@_17BMKGEGOJ@?$AAT?$AAu?$AAe?$AA?$AA@ 0000000140018478     LIBCMT:nlsdata.obj
 0002:00001480       ??_C@_17CJEDCEPE@?$AAW?$AAe?$AAd?$AA?$AA@ 0000000140018480     LIBCMT:nlsdata.obj
 0002:00001488       ??_C@_17PDPHAADD@?$AAT?$AAh?$AAu?$AA?$AA@ 0000000140018488     LIBCMT:nlsdata.obj
 0002:00001490       ??_C@_17HFOLPPLP@?$AAF?$AAr?$AAi?$AA?$AA@ 0000000140018490     LIBCMT:nlsdata.obj
 0002:00001498       ??_C@_17GGIBDPIH@?$AAS?$AAa?$AAt?$AA?$AA@ 0000000140018498     LIBCMT:nlsdata.obj
 0002:000014a0       ??_C@_1O@IHNHDHPB@?$AAS?$AAu?$AAn?$AAd?$AAa?$AAy?$AA?$AA@ 00000001400184a0     LIBCMT:nlsdata.obj
 0002:000014b0       ??_C@_1O@MMNBFLIA@?$AAM?$AAo?$AAn?$AAd?$AAa?$AAy?$AA?$AA@ 00000001400184b0     LIBCMT:nlsdata.obj
 0002:000014c0       ??_C@_1BA@ENFBFFEK@?$AAT?$AAu?$AAe?$AAs?$AAd?$AAa?$AAy?$AA?$AA@ 00000001400184c0     LIBCMT:nlsdata.obj
 0002:000014d0       ??_C@_1BE@EBOGMDOH@?$AAW?$AAe?$AAd?$AAn?$AAe?$AAs?$AAd?$AAa?$AAy?$AA?$AA@ 00000001400184d0     LIBCMT:nlsdata.obj
 0002:000014e8       ??_C@_1BC@HHMNLIHE@?$AAT?$AAh?$AAu?$AAr?$AAs?$AAd?$AAa?$AAy?$AA?$AA@ 00000001400184e8     LIBCMT:nlsdata.obj
 0002:00001500       ??_C@_1O@PDICJHAG@?$AAF?$AAr?$AAi?$AAd?$AAa?$AAy?$AA?$AA@ 0000000140018500     LIBCMT:nlsdata.obj
 0002:00001510       ??_C@_1BC@ENMNNPAJ@?$AAS?$AAa?$AAt?$AAu?$AAr?$AAd?$AAa?$AAy?$AA?$AA@ 0000000140018510     LIBCMT:nlsdata.obj
 0002:00001528       ??_C@_17DKNBKCHM@?$AAJ?$AAa?$AAn?$AA?$AA@ 0000000140018528     LIBCMT:nlsdata.obj
 0002:00001530       ??_C@_17LMDJEKJN@?$AAF?$AAe?$AAb?$AA?$AA@ 0000000140018530     LIBCMT:nlsdata.obj
 0002:00001538       ??_C@_17CKNLEDEC@?$AAM?$AAa?$AAr?$AA?$AA@ 0000000140018538     LIBCMT:nlsdata.obj
 0002:00001540       ??_C@_17LFPOIHDD@?$AAA?$AAp?$AAr?$AA?$AA@ 0000000140018540     LIBCMT:nlsdata.obj
 0002:00001548       ??_C@_17PNNKMEED@?$AAM?$AAa?$AAy?$AA?$AA@ 0000000140018548     LIBCMT:nlsdata.obj
 0002:00001550       ??_C@_17KCJGOCPB@?$AAJ?$AAu?$AAn?$AA?$AA@ 0000000140018550     LIBCMT:nlsdata.obj
 0002:00001558       ??_C@_17IJPCKHK@?$AAJ?$AAu?$AAl?$AA?$AA@ 0000000140018558     LIBCMT:nlsdata.obj
 0002:00001560       ??_C@_17ICPELBCN@?$AAA?$AAu?$AAg?$AA?$AA@ 0000000140018560     LIBCMT:nlsdata.obj
 0002:00001568       ??_C@_17HCHCOKMG@?$AAS?$AAe?$AAp?$AA?$AA@ 0000000140018568     LIBCMT:nlsdata.obj
 0002:00001570       ??_C@_17FNLKOI@?$AAO?$AAc?$AAt?$AA?$AA@ 0000000140018570     LIBCMT:nlsdata.obj
 0002:00001578       ??_C@_17BBDMLCIG@?$AAN?$AAo?$AAv?$AA?$AA@ 0000000140018578     LIBCMT:nlsdata.obj
 0002:00001580       ??_C@_17EGKACKIF@?$AAD?$AAe?$AAc?$AA?$AA@ 0000000140018580     LIBCMT:nlsdata.obj
 0002:00001588       ??_C@_1BA@EFMEIEBA@?$AAJ?$AAa?$AAn?$AAu?$AAa?$AAr?$AAy?$AA?$AA@ 0000000140018588     LIBCMT:nlsdata.obj
 0002:00001598       ??_C@_1BC@JGDDFFAM@?$AAF?$AAe?$AAb?$AAr?$AAu?$AAa?$AAr?$AAy?$AA?$AA@ 0000000140018598     LIBCMT:nlsdata.obj
 0002:000015b0       ??_C@_1M@IKEENEDF@?$AAM?$AAa?$AAr?$AAc?$AAh?$AA?$AA@ 00000001400185b0     LIBCMT:nlsdata.obj
 0002:000015c0       ??_C@_1M@GJNLMHFD@?$AAA?$AAp?$AAr?$AAi?$AAl?$AA?$AA@ 00000001400185c0     LIBCMT:nlsdata.obj
 0002:000015d0       ??_C@_19EPFLPGAP@?$AAJ?$AAu?$AAn?$AAe?$AA?$AA@ 00000001400185d0     LIBCMT:nlsdata.obj
 0002:000015e0       ??_C@_19BIFMLPCD@?$AAJ?$AAu?$AAl?$AAy?$AA?$AA@ 00000001400185e0     LIBCMT:nlsdata.obj
[...]
 0004:000007ec       $pdata$__crtDownlevelLocaleNameToLCID 00000001400247ec     LIBCMT:winapinls.obj
 0004:000007f8       $pdata$__crtEnumSystemLocalesEx 00000001400247f8     LIBCMT:winapinls.obj
 0004:00000804       $pdata$__crtGetDateFormatEx 0000000140024804     LIBCMT:winapinls.obj
 0004:00000810       $pdata$__crtGetLocaleInfoEx 0000000140024810     LIBCMT:winapinls.obj
 0004:0000081c       $pdata$__crtGetTimeFormatEx 000000014002481c     LIBCMT:winapinls.obj
 0004:00000828       $pdata$__crtGetUserDefaultLocaleName 0000000140024828     LIBCMT:winapinls.obj
 0004:00000834       $pdata$__crtIsValidLocaleName 0000000140024834     LIBCMT:winapinls.obj
 0004:00000840       $pdata$__crtLCMapStringEx  0000000140024840     LIBCMT:winapinls.obj
 0004:00000858       $pdata$_fileno             0000000140024858     LIBCMT:fileno.obj
 0004:00000864       $pdata$_isatty             0000000140024864     LIBCMT:isatty.obj
 0004:00000870       $pdata$_fflush_nolock      0000000140024870     LIBCMT:fflush.obj
 0004:0000087c       $pdata$_flush              000000014002487c     LIBCMT:fflush.obj
 0004:00000888       $pdata$fflush              0000000140024888     LIBCMT:fflush.obj
 0004:00000894       $pdata$flsall              0000000140024894     LIBCMT:fflush.obj
 0004:000008a0       $pdata$_fcloseall          00000001400248a0     LIBCMT:closeall.obj
 0004:000008ac       $pdata$__raise_securityfailure 00000001400248ac     LIBCMT:gs_report.obj
 0004:000008b8       $pdata$__report_gsfailure  00000001400248b8     LIBCMT:gs_report.obj
 0004:000008c4       $pdata$__report_rangecheckfailure 00000001400248c4     LIBCMT:gs_report.obj
 0004:000008d0       $pdata$__report_securityfailure 00000001400248d0     LIBCMT:gs_report.obj
 0004:000008dc       $pdata$__report_securityfailureEx 00000001400248dc     LIBCMT:gs_report.obj
 0004:000008e8       $pdata$_locterm            00000001400248e8     LIBCMT:wsetloca.obj
 0004:000008f4       $pdata$__copy_locale_name  00000001400248f4     LIBCMT:wsetloca.obj
 0004:00000900       $pdata$__lc_lctowcs        0000000140024900     LIBCMT:wsetloca.obj
 0004:0000090c       $pdata$__lc_wcstolc        000000014002490c     LIBCMT:wsetloca.obj
 0004:00000918       $pdata$_configthreadlocale 0000000140024918     LIBCMT:wsetloca.obj
 0004:00000924       $pdata$_copytlocinfo_nolock 0000000140024924     LIBCMT:wsetloca.obj
 0004:00000930       $pdata$_create_locale      0000000140024930     LIBCMT:wsetloca.obj
 0004:0000093c       $pdata$_expandlocale       000000014002493c     LIBCMT:wsetloca.obj
 0004:00000948       $pdata$_free_locale        0000000140024948     LIBCMT:wsetloca.obj
 0004:00000954       $pdata$_get_current_locale 0000000140024954     LIBCMT:wsetloca.obj
 0004:00000960       $pdata$_wcreate_locale     0000000140024960     LIBCMT:wsetloca.obj
 0004:0000096c       $pdata$_wcscats            000000014002496c     LIBCMT:wsetloca.obj
 0004:00000978       $pdata$_wsetlocale         0000000140024978     LIBCMT:wsetloca.obj
 0004:00000984       $pdata$_wsetlocale_get_all 0000000140024984     LIBCMT:wsetloca.obj
 0004:00000990       $pdata$_wsetlocale_nolock  0000000140024990     LIBCMT:wsetloca.obj
 0004:0000099c       $pdata$_wsetlocale_set_cat 000000014002499c     LIBCMT:wsetloca.obj
 0004:000009b4       $pdata$__isa_available_init 00000001400249b4     LIBCMT:cpu_disp.obj
 0004:000009c0       $pdata$_commit             00000001400249c0     LIBCMT:commit.obj
 0004:000009cc       $pdata$_write              00000001400249cc     LIBCMT:write.obj
 0004:000009d8       $pdata$_write_nolock       00000001400249d8     LIBCMT:write.obj
 0004:000009e4       $pdata$_fclose_nolock      00000001400249e4     LIBCMT:fclose.obj
 0004:000009f0       $pdata$fclose              00000001400249f0     LIBCMT:fclose.obj
 0004:000009fc       $pdata$___lc_codepage_func 00000001400249fc     LIBCMT:initctyp.obj
 0004:00000a08       $pdata$___lc_collate_cp_func 0000000140024a08     LIBCMT:initctyp.obj
 0004:00000a14       $pdata$___lc_locale_name_func 0000000140024a14     LIBCMT:initctyp.obj
 0004:00000a20       $pdata$___mb_cur_max_func  0000000140024a20     LIBCMT:initctyp.obj
 0004:00000a2c       $pdata$__init_ctype        0000000140024a2c     LIBCMT:initctyp.obj
 0004:00000a44       $pdata$GetLocaleNameFromDefault 0000000140024a44     LIBCMT:getqloc.obj
 0004:00000a50       $pdata$GetLocaleNameFromLangCountry 0000000140024a50     LIBCMT:getqloc.obj
 0004:00000a5c       $pdata$GetLocaleNameFromLanguage 0000000140024a5c     LIBCMT:getqloc.obj
 0004:00000a68       $pdata$LangCountryEnumProcEx 0000000140024a68     LIBCMT:getqloc.obj
 0004:00000a74       $pdata$LanguageEnumProcEx  0000000140024a74     LIBCMT:getqloc.obj
 0004:00000a80       $pdata$ProcessCodePage     0000000140024a80     LIBCMT:getqloc.obj
 0004:00000a8c       $pdata$TestDefaultCountry  0000000140024a8c     LIBCMT:getqloc.obj
 0004:00000a98       $pdata$TestDefaultLanguage 0000000140024a98     LIBCMT:getqloc.obj
 0004:00000aa4       $pdata$TranslateName       0000000140024aa4     LIBCMT:getqloc.obj
 0004:00000ab0       $pdata$__get_qualified_locale 0000000140024ab0     LIBCMT:getqloc.obj
 0004:00000abc       $pdata$CountryEnumProc     0000000140024abc     LIBCMT:getqloc_downlevel.obj
 0004:00000ac8       $pdata$GetLcidFromCountry  0000000140024ac8     LIBCMT:getqloc_downlevel.obj
 0004:00000ad4       $pdata$GetLcidFromDefault  0000000140024ad4     LIBCMT:getqloc_downlevel.obj
 0004:00000ae0       $pdata$GetLcidFromLangCountry 0000000140024ae0     LIBCMT:getqloc_downlevel.obj
 0004:00000aec       $pdata$GetLcidFromLanguage 0000000140024aec     LIBCMT:getqloc_downlevel.obj
 0004:00000af8       $pdata$LangCountryEnumProc 0000000140024af8     LIBCMT:getqloc_downlevel.obj
 0004:00000b04       $pdata$LanguageEnumProc    0000000140024b04     LIBCMT:getqloc_downlevel.obj
 0004:00000b10       $pdata$ProcessCodePage     0000000140024b10     LIBCMT:getqloc_downlevel.obj
 0004:00000b1c       $pdata$TestDefaultLanguage 0000000140024b1c     LIBCMT:getqloc_downlevel.obj
 0004:00000b28       $pdata$TranslateName       0000000140024b28     LIBCMT:getqloc_downlevel.obj
 0004:00000b34       $pdata$__get_qualified_locale_downlevel 0000000140024b34     LIBCMT:getqloc_downlevel.obj
 0004:00000b40       $pdata$__lock_fhandle      0000000140024b40     LIBCMT:osfinfo.obj
 0004:00000b4c       $pdata$_alloc_osfhnd       0000000140024b4c     LIBCMT:osfinfo.obj
 0004:00000b58       $pdata$_free_osfhnd        0000000140024b58     LIBCMT:osfinfo.obj
 0004:00000b64       $pdata$_get_osfhandle      0000000140024b64     LIBCMT:osfinfo.obj
 0004:00000b70       $pdata$_open_osfhandle     0000000140024b70     LIBCMT:osfinfo.obj
 0004:00000b7c       $pdata$_set_osfhnd         0000000140024b7c     LIBCMT:osfinfo.obj
 0004:00000b88       $pdata$__iswcsym           0000000140024b88     LIBCMT:_wctype.obj
 0004:00000b94       $pdata$__iswcsymf          0000000140024b94     LIBCMT:_wctype.obj
 0004:00000ba0       $pdata$_isleadbyte_l       0000000140024ba0     LIBCMT:_wctype.obj
 0004:00000bac       $pdata$_iswcsym_l          0000000140024bac     LIBCMT:_wctype.obj
 0004:00000bb8       $pdata$_iswcsymf_l         0000000140024bb8     LIBCMT:_wctype.obj
 0004:00000bc4       $pdata$isleadbyte          0000000140024bc4     LIBCMT:_wctype.obj
 0004:00000bd0       $pdata$_lseeki64           0000000140024bd0     LIBCMT:lseeki64.obj
 0004:00000bdc       $pdata$_lseeki64_nolock    0000000140024bdc     LIBCMT:lseeki64.obj
 0004:00000be8       $pdata$_mbtowc_l           0000000140024be8     LIBCMT:mbtowc.obj
 0004:00000bf4       $pdata$_putwch             0000000140024bf4     LIBCMT:putwch.obj
 0004:00000c00       $pdata$_putwch_nolock      0000000140024c00     LIBCMT:putwch.obj
 0004:00000c0c       $pdata$_close              0000000140024c0c     LIBCMT:close.obj
 0004:00000c18       $pdata$_close_nolock       0000000140024c18     LIBCMT:close.obj
 0004:00000c24       $pdata$_freebuf            0000000140024c24     LIBCMT:_freebuf.obj
 0004:00000c30       $pdata$_i64tow_s           0000000140024c30     LIBCMT:xtows.obj
 0004:00000c3c       $pdata$_itow_s             0000000140024c3c     LIBCMT:xtows.obj
 0004:00000c48       $pdata$_ltow_s             0000000140024c48     LIBCMT:xtows.obj
 0004:00000c54       $pdata$_ui64tow_s          0000000140024c54     LIBCMT:xtows.obj
 0004:00000c60       $pdata$_ultow_s            0000000140024c60     LIBCMT:xtows.obj
 0004:00000c6c       $pdata$x64tow_s            0000000140024c6c     LIBCMT:xtows.obj
 0004:00000c78       $pdata$xtow_s              0000000140024c78     LIBCMT:xtows.obj
 0004:00000c84       $pdata$wcschr              0000000140024c84     LIBCMT:wcschr.obj
 0004:00000c90       $pdata$_wcsicmp            0000000140024c90     LIBCMT:wcsicmp.obj
 0004:00000c9c       $pdata$_wcsicmp_l          0000000140024c9c     LIBCMT:wcsicmp.obj
 0004:00000ca8       $pdata$_wcsnicmp           0000000140024ca8     LIBCMT:wcsnicmp.obj
 0004:00000cb4       $pdata$_wcsnicmp_l         0000000140024cb4     LIBCMT:wcsnicmp.obj
 0004:00000cc0       $pdata$iswctype            0000000140024cc0     LIBCMT:iswctype.obj
 0004:00000ccc       $pdata$__termconout        0000000140024ccc     LIBCMT:initcon.obj
 0004:00000cd8       $pdata$__initconout        0000000140024cd8     LIBCMT:initcon.obj
 0004:00000ce4       $pdata$?wcstoxl@@YAKPEB_WPEAPEB_WHH@Z 0000000140024ce4     LIBCMT:wcstol.obj
 0004:00000cf0       $pdata$?wcstoxq@@YA_KPEAUlocaleinfo_struct@@PEB_WPEAPEB_WHH@Z 0000000140024cf0     LIBCMT:wcstoq.obj
 0004:00000cfc       $pdata$_wcstof_l           0000000140024cfc     LIBCMT:wcstoq.obj
 0004:00000d08       $pdata$_wcstoi64           0000000140024d08     LIBCMT:wcstoq.obj
 0004:00000d14       $pdata$_wcstoi64_l         0000000140024d14     LIBCMT:wcstoq.obj
 0004:00000d20       $pdata$_wcstoimax_l        0000000140024d20     LIBCMT:wcstoq.obj
 0004:00000d2c       $pdata$_wcstoll_l          0000000140024d2c     LIBCMT:wcstoq.obj
 0004:00000d38       $pdata$_wcstoui64          0000000140024d38     LIBCMT:wcstoq.obj
 0004:00000d44       $pdata$_wcstoui64_l        0000000140024d44     LIBCMT:wcstoq.obj
 0004:00000d50       $pdata$_wcstoull_l         0000000140024d50     LIBCMT:wcstoq.obj
 0004:00000d5c       $pdata$_wcstoumax_l        0000000140024d5c     LIBCMT:wcstoq.obj
 0004:00000d68       $pdata$_towlower_l         0000000140024d68     LIBCMT:towlower.obj
 0004:00000d74       $pdata$_wcstod_l           0000000140024d74     LIBCMT:wcstod.obj
 0004:00000d80       $pdata$__crt_atoflt_l      0000000140024d80     LIBCMT:atodbl.obj
 0004:00000d8c       $pdata$_atodbl_l           0000000140024d8c     LIBCMT:atodbl.obj
 0004:00000d98       $pdata$_atoldbl_l          0000000140024d98     LIBCMT:atodbl.obj
 0004:00000da4       $pdata$__crtLCMapStringW   0000000140024da4     LIBCMT:w_map.obj
 0004:00000db0       $pdata$_wfltin2            0000000140024db0     LIBCMT:wcfin.obj
 0004:00000dbc       $pdata$_RoundMan           0000000140024dbc     LIBCMT:intrncvt.obj
 0004:00000dc8       $pdata$_ShrMan             0000000140024dc8     LIBCMT:intrncvt.obj
 0004:00000dd4       $pdata$_ld12cvt            0000000140024dd4     LIBCMT:intrncvt.obj
 0004:00000de0       $pdata$_ld12tod            0000000140024de0     LIBCMT:intrncvt.obj
 0004:00000dec       $pdata$_ld12tof            0000000140024dec     LIBCMT:intrncvt.obj
 0004:00000df8       $pdata$_ld12told           0000000140024df8     LIBCMT:intrncvt.obj
 0004:00000e04       $pdata$__STRINGTOLD_L      0000000140024e04     LIBCMT:strgtold.obj
 0004:00000e10       $pdata$__ld12mul           0000000140024e10     LIBCMT:strgtold.obj
 0004:00000e1c       $pdata$__multtenpow12      0000000140024e1c     LIBCMT:strgtold.obj
 0004:00000e28       $pdata$__strgtold12_l      0000000140024e28     LIBCMT:strgtold.obj
 0004:00000e34       $pdata$_cfltcvt            0000000140024e34     LIBCMT:cvt.obj
 0004:00000e40       $pdata$_cfltcvt_l          0000000140024e40     LIBCMT:cvt.obj
 0004:00000e4c       $pdata$_cftoa              0000000140024e4c     LIBCMT:cvt.obj
 0004:00000e58       $pdata$_cftoa_l            0000000140024e58     LIBCMT:cvt.obj
 0004:00000e64       $pdata$_cftoe              0000000140024e64     LIBCMT:cvt.obj
 0004:00000e70       $pdata$_cftoe2_l           0000000140024e70     LIBCMT:cvt.obj
 0004:00000e7c       $pdata$_cftoe_l            0000000140024e7c     LIBCMT:cvt.obj
 0004:00000e88       $pdata$_cftof              0000000140024e88     LIBCMT:cvt.obj
 0004:00000e94       $pdata$_cftof2_l           0000000140024e94     LIBCMT:cvt.obj
 0004:00000ea0       $pdata$_cftof_l            0000000140024ea0     LIBCMT:cvt.obj
 0004:00000eac       $pdata$_cftog              0000000140024eac     LIBCMT:cvt.obj
 0004:00000eb8       $pdata$_cftog_l            0000000140024eb8     LIBCMT:cvt.obj
 0004:00000ec4       $pdata$_cropzeros_l        0000000140024ec4     LIBCMT:cvt.obj
 0004:00000ed0       $pdata$_fassign_l          0000000140024ed0     LIBCMT:cvt.obj
 0004:00000edc       $pdata$_forcdecpt_l        0000000140024edc     LIBCMT:cvt.obj
 0004:00000ee8       $pdata$_shift              0000000140024ee8     LIBCMT:cvt.obj
 0004:00000ef4       $pdata$__WSTRINGTOLD_L     0000000140024ef4     LIBCMT:wstrgtold.obj
 0004:00000f00       $pdata$__wstrgtold12_l     0000000140024f00     LIBCMT:wstrgtold.obj
 0004:00000f0c       $pdata$__mtold12           0000000140024f0c     LIBCMT:mantold.obj
 0004:00000f18       $pdata$__iscsym            0000000140024f18     LIBCMT:_ctype.obj
 0004:00000f24       $pdata$__iscsymf           0000000140024f24     LIBCMT:_ctype.obj
 0004:00000f30       $pdata$_isalnum_l          0000000140024f30     LIBCMT:_ctype.obj
 0004:00000f3c       $pdata$_isalpha_l          0000000140024f3c     LIBCMT:_ctype.obj
 0004:00000f48       $pdata$_isblank_l          0000000140024f48     LIBCMT:_ctype.obj
 0004:00000f54       $pdata$_iscntrl_l          0000000140024f54     LIBCMT:_ctype.obj
 0004:00000f60       $pdata$_iscsym_l           0000000140024f60     LIBCMT:_ctype.obj
 0004:00000f6c       $pdata$_iscsymf_l          0000000140024f6c     LIBCMT:_ctype.obj
 0004:00000f78       $pdata$_isdigit_l          0000000140024f78     LIBCMT:_ctype.obj
 0004:00000f84       $pdata$_isgraph_l          0000000140024f84     LIBCMT:_ctype.obj
 0004:00000f90       $pdata$_islower_l          0000000140024f90     LIBCMT:_ctype.obj
 0004:00000f9c       $pdata$_isprint_l          0000000140024f9c     LIBCMT:_ctype.obj
 0004:00000fa8       $pdata$_ispunct_l          0000000140024fa8     LIBCMT:_ctype.obj
 0004:00000fb4       $pdata$_isspace_l          0000000140024fb4     LIBCMT:_ctype.obj
 0004:00000fc0       $pdata$_isupper_l          0000000140024fc0     LIBCMT:_ctype.obj
 0004:00000fcc       $pdata$_isxdigit_l         0000000140024fcc     LIBCMT:_ctype.obj
 0004:00000fd8       $pdata$isalnum             0000000140024fd8     LIBCMT:_ctype.obj
 0004:00000fe4       $pdata$isalpha             0000000140024fe4     LIBCMT:_ctype.obj
 0004:00000ff0       $pdata$iscntrl             0000000140024ff0     LIBCMT:_ctype.obj
 0004:00000ffc       $pdata$isdigit             0000000140024ffc     LIBCMT:_ctype.obj
 0004:00001008       $pdata$isgraph             0000000140025008     LIBCMT:_ctype.obj
 0004:00001014       $pdata$islower             0000000140025014     LIBCMT:_ctype.obj
 0004:00001020       $pdata$isprint             0000000140025020     LIBCMT:_ctype.obj
 0004:0000102c       $pdata$ispunct             000000014002502c     LIBCMT:_ctype.obj
 0004:00001038       $pdata$isspace             0000000140025038     LIBCMT:_ctype.obj
 0004:00001044       $pdata$isupper             0000000140025044     LIBCMT:_ctype.obj
 0004:00001050       $pdata$isxdigit            0000000140025050     LIBCMT:_ctype.obj
 0004:0000105c       $pdata$_tolower_l          000000014002505c     LIBCMT:tolower.obj
 0004:00001068       $pdata$strrchr             0000000140025068     LIBCMT:strrchr.obj
 0004:00001074       $pdata$_fptostr            0000000140025074     LIBCMT:_fptostr.obj
 0004:00001080       $pdata$__dtold             0000000140025080     LIBCMT:cfout.obj
 0004:0000108c       $pdata$_fltout2            000000014002508c     LIBCMT:cfout.obj
 0004:00001098       $pdata$_set_output_format  0000000140025098     LIBCMT:outputformat.obj
 0004:000010a4       $pdata$_isctype_l          00000001400250a4     LIBCMT:isctype.obj
 0004:000010b0       $pdata$$I10_OUTPUT         00000001400250b0     LIBCMT:x10fout.obj
 0004:000010bc       $pdata$__tmainCRTStartup$filt$0 00000001400250bc     LIBCMT:crt0.obj
 0004:000010c8       $pdata$_freefls$fin$1      00000001400250c8     LIBCMT:tidtable.obj
 0004:000010d4       $pdata$_freefls$fin$0      00000001400250d4     LIBCMT:tidtable.obj
 0004:000010e0       $pdata$_initptd$fin$1      00000001400250e0     LIBCMT:tidtable.obj
 0004:000010ec       $pdata$_initptd$fin$0      00000001400250ec     LIBCMT:tidtable.obj
 0004:000010f8       $pdata$doexit$fin$0        00000001400250f8     LIBCMT:crt0dat.obj
 0004:00001104       $pdata$_ioinit$fin$0       0000000140025104     LIBCMT:ioinit.obj
 0004:00001110       $pdata$_mtinitlocknum$fin$0 0000000140025110     LIBCMT:mlock.obj
 0004:0000111c       $pdata$__updatetlocinfo$fin$0 000000014002511c     LIBCMT:localref.obj
 0004:00001128       $pdata$__updatetmbcinfo$fin$0 0000000140025128     LIBCMT:mbctype.obj
 0004:00001134       $pdata$_setmbcp$fin$0      0000000140025134     LIBCMT:mbctype.obj
 0004:00001140       $pdata$_IsNonwritableInCurrentImage$filt$0 0000000140025140     LIBCMT:pesect.obj
 0004:0000114c       $pdata$_onexit$fin$0       000000014002514c     LIBCMT:onexit.obj
 0004:00001158       $pdata$ctrlevent_capture$fin$0 0000000140025158     LIBCMT:winsig.obj
 0004:00001164       $pdata$raise$fin$0         0000000140025164     LIBCMT:winsig.obj
 0004:00001170       $pdata$signal$fin$0        0000000140025170     LIBCMT:winsig.obj
 0004:0000117c       $pdata$fflush$fin$0        000000014002517c     LIBCMT:fflush.obj
 0004:00001188       $pdata$flsall$fin$0        0000000140025188     LIBCMT:fflush.obj
 0004:00001194       $pdata$flsall$fin$1        0000000140025194     LIBCMT:fflush.obj
 0004:000011a0       $pdata$_fcloseall$fin$0    00000001400251a0     LIBCMT:closeall.obj
 0004:000011ac       $pdata$_free_locale$fin$1  00000001400251ac     LIBCMT:wsetloca.obj
 0004:000011b8       $pdata$_free_locale$fin$0  00000001400251b8     LIBCMT:wsetloca.obj
 0004:000011c4       $pdata$_get_current_locale$fin$1 00000001400251c4     LIBCMT:wsetloca.obj
 0004:000011d0       $pdata$_get_current_locale$fin$0 00000001400251d0     LIBCMT:wsetloca.obj
 0004:000011dc       $pdata$_locterm$fin$0      00000001400251dc     LIBCMT:wsetloca.obj
 0004:000011e8       $pdata$_wsetlocale$fin$1   00000001400251e8     LIBCMT:wsetloca.obj
 0004:000011f4       $pdata$_wsetlocale$fin$0   00000001400251f4     LIBCMT:wsetloca.obj
 0004:00001200       $pdata$_wsetlocale$fin$2   0000000140025200     LIBCMT:wsetloca.obj
 0004:0000120c       $pdata$_commit$fin$0       000000014002520c     LIBCMT:commit.obj
 0004:00001218       $pdata$_write$fin$0        0000000140025218     LIBCMT:write.obj
 0004:00001224       $pdata$fclose$fin$0        0000000140025224     LIBCMT:fclose.obj
 0004:00001230       $pdata$__lock_fhandle$fin$0 0000000140025230     LIBCMT:osfinfo.obj
 0004:0000123c       $pdata$_alloc_osfhnd$fin$0 000000014002523c     LIBCMT:osfinfo.obj
 0004:00001248       $pdata$_alloc_osfhnd$fin$1 0000000140025248     LIBCMT:osfinfo.obj
 0004:00001254       $pdata$_open_osfhandle$fin$0 0000000140025254     LIBCMT:osfinfo.obj
 0004:00001260       $pdata$_lseeki64$fin$0     0000000140025260     LIBCMT:lseeki64.obj
 0004:0000126c       $pdata$_putwch$fin$0       000000014002526c     LIBCMT:putwch.obj
 0004:00001278       $pdata$_close$fin$0        0000000140025278     LIBCMT:close.obj
 0005:00000060       $R000000                   0000000140026060     * linker generated manifest res *

 Exports

  ordinal    name

